###############################################################################
#
# IAR ELF Linker V7.50.2.10312/W32 for ARM                20/Sep/2017  10:39:38
# Copyright 2007-2015 IAR Systems AB.
#
#    Output file  =  
#        X:\MailCloud\work\V&V\CODE\test207\EWARM\test207\Exe\test207.out
#    Map file     =  
#        X:\MailCloud\work\V&V\CODE\test207\EWARM\test207\List\test207.map
#    Command line =  
#        X:\MailCloud\work\V&V\CODE\test207\EWARM\test207\Obj\api_lib.o
#        X:\MailCloud\work\V&V\CODE\test207\EWARM\test207\Obj\api_msg.o
#        X:\MailCloud\work\V&V\CODE\test207\EWARM\test207\Obj\arc4.o
#        X:\MailCloud\work\V&V\CODE\test207\EWARM\test207\Obj\auth.o
#        X:\MailCloud\work\V&V\CODE\test207\EWARM\test207\Obj\autoip.o
#        X:\MailCloud\work\V&V\CODE\test207\EWARM\test207\Obj\ccp.o
#        X:\MailCloud\work\V&V\CODE\test207\EWARM\test207\Obj\chap-md5.o
#        X:\MailCloud\work\V&V\CODE\test207\EWARM\test207\Obj\chap-new.o
#        X:\MailCloud\work\V&V\CODE\test207\EWARM\test207\Obj\chap_ms.o
#        X:\MailCloud\work\V&V\CODE\test207\EWARM\test207\Obj\cmsis_os.o
#        X:\MailCloud\work\V&V\CODE\test207\EWARM\test207\Obj\croutine.o
#        X:\MailCloud\work\V&V\CODE\test207\EWARM\test207\Obj\def.o
#        X:\MailCloud\work\V&V\CODE\test207\EWARM\test207\Obj\demand.o
#        X:\MailCloud\work\V&V\CODE\test207\EWARM\test207\Obj\des.o
#        X:\MailCloud\work\V&V\CODE\test207\EWARM\test207\Obj\dhcp.o
#        X:\MailCloud\work\V&V\CODE\test207\EWARM\test207\Obj\dhcp6.o
#        X:\MailCloud\work\V&V\CODE\test207\EWARM\test207\Obj\dns.o
#        X:\MailCloud\work\V&V\CODE\test207\EWARM\test207\Obj\eap.o
#        X:\MailCloud\work\V&V\CODE\test207\EWARM\test207\Obj\ecp.o
#        X:\MailCloud\work\V&V\CODE\test207\EWARM\test207\Obj\err.o
#        X:\MailCloud\work\V&V\CODE\test207\EWARM\test207\Obj\etharp.o
#        X:\MailCloud\work\V&V\CODE\test207\EWARM\test207\Obj\ethernet.o
#        X:\MailCloud\work\V&V\CODE\test207\EWARM\test207\Obj\ethernetif.o
#        X:\MailCloud\work\V&V\CODE\test207\EWARM\test207\Obj\ethip6.o
#        X:\MailCloud\work\V&V\CODE\test207\EWARM\test207\Obj\eui64.o
#        X:\MailCloud\work\V&V\CODE\test207\EWARM\test207\Obj\event_groups.o
#        X:\MailCloud\work\V&V\CODE\test207\EWARM\test207\Obj\freertos.o
#        X:\MailCloud\work\V&V\CODE\test207\EWARM\test207\Obj\fsm.o
#        X:\MailCloud\work\V&V\CODE\test207\EWARM\test207\Obj\heap_4.o
#        X:\MailCloud\work\V&V\CODE\test207\EWARM\test207\Obj\icmp.o
#        X:\MailCloud\work\V&V\CODE\test207\EWARM\test207\Obj\icmp6.o
#        X:\MailCloud\work\V&V\CODE\test207\EWARM\test207\Obj\igmp.o
#        X:\MailCloud\work\V&V\CODE\test207\EWARM\test207\Obj\inet6.o
#        X:\MailCloud\work\V&V\CODE\test207\EWARM\test207\Obj\inet_chksum.o
#        X:\MailCloud\work\V&V\CODE\test207\EWARM\test207\Obj\init.o
#        X:\MailCloud\work\V&V\CODE\test207\EWARM\test207\Obj\ip.o
#        X:\MailCloud\work\V&V\CODE\test207\EWARM\test207\Obj\ip4.o
#        X:\MailCloud\work\V&V\CODE\test207\EWARM\test207\Obj\ip4_addr.o
#        X:\MailCloud\work\V&V\CODE\test207\EWARM\test207\Obj\ip4_frag.o
#        X:\MailCloud\work\V&V\CODE\test207\EWARM\test207\Obj\ip6.o
#        X:\MailCloud\work\V&V\CODE\test207\EWARM\test207\Obj\ip6_addr.o
#        X:\MailCloud\work\V&V\CODE\test207\EWARM\test207\Obj\ip6_frag.o
#        X:\MailCloud\work\V&V\CODE\test207\EWARM\test207\Obj\ipcp.o
#        X:\MailCloud\work\V&V\CODE\test207\EWARM\test207\Obj\ipv6cp.o
#        X:\MailCloud\work\V&V\CODE\test207\EWARM\test207\Obj\lcp.o
#        X:\MailCloud\work\V&V\CODE\test207\EWARM\test207\Obj\list.o
#        X:\MailCloud\work\V&V\CODE\test207\EWARM\test207\Obj\lowpan6.o
#        X:\MailCloud\work\V&V\CODE\test207\EWARM\test207\Obj\lwip.o
#        X:\MailCloud\work\V&V\CODE\test207\EWARM\test207\Obj\magic.o
#        X:\MailCloud\work\V&V\CODE\test207\EWARM\test207\Obj\main.o
#        X:\MailCloud\work\V&V\CODE\test207\EWARM\test207\Obj\md4.o
#        X:\MailCloud\work\V&V\CODE\test207\EWARM\test207\Obj\md5.o
#        X:\MailCloud\work\V&V\CODE\test207\EWARM\test207\Obj\mem.o
#        X:\MailCloud\work\V&V\CODE\test207\EWARM\test207\Obj\memp.o
#        X:\MailCloud\work\V&V\CODE\test207\EWARM\test207\Obj\mld6.o
#        X:\MailCloud\work\V&V\CODE\test207\EWARM\test207\Obj\mppe.o
#        X:\MailCloud\work\V&V\CODE\test207\EWARM\test207\Obj\multilink.o
#        X:\MailCloud\work\V&V\CODE\test207\EWARM\test207\Obj\nd6.o
#        X:\MailCloud\work\V&V\CODE\test207\EWARM\test207\Obj\netbuf.o
#        X:\MailCloud\work\V&V\CODE\test207\EWARM\test207\Obj\netdb.o
#        X:\MailCloud\work\V&V\CODE\test207\EWARM\test207\Obj\netif.o
#        X:\MailCloud\work\V&V\CODE\test207\EWARM\test207\Obj\netifapi.o
#        X:\MailCloud\work\V&V\CODE\test207\EWARM\test207\Obj\pbuf.o
#        X:\MailCloud\work\V&V\CODE\test207\EWARM\test207\Obj\port.o
#        X:\MailCloud\work\V&V\CODE\test207\EWARM\test207\Obj\portasm.o
#        X:\MailCloud\work\V&V\CODE\test207\EWARM\test207\Obj\ppp.o
#        X:\MailCloud\work\V&V\CODE\test207\EWARM\test207\Obj\pppapi.o
#        X:\MailCloud\work\V&V\CODE\test207\EWARM\test207\Obj\pppcrypt.o
#        X:\MailCloud\work\V&V\CODE\test207\EWARM\test207\Obj\pppoe.o
#        X:\MailCloud\work\V&V\CODE\test207\EWARM\test207\Obj\pppol2tp.o
#        X:\MailCloud\work\V&V\CODE\test207\EWARM\test207\Obj\pppos.o
#        X:\MailCloud\work\V&V\CODE\test207\EWARM\test207\Obj\queue.o
#        X:\MailCloud\work\V&V\CODE\test207\EWARM\test207\Obj\raw.o
#        X:\MailCloud\work\V&V\CODE\test207\EWARM\test207\Obj\sha1.o
#        X:\MailCloud\work\V&V\CODE\test207\EWARM\test207\Obj\slipif.o
#        X:\MailCloud\work\V&V\CODE\test207\EWARM\test207\Obj\sockets.o
#        X:\MailCloud\work\V&V\CODE\test207\EWARM\test207\Obj\startup_stm32f207xx.o
#        X:\MailCloud\work\V&V\CODE\test207\EWARM\test207\Obj\stats.o
#        X:\MailCloud\work\V&V\CODE\test207\EWARM\test207\Obj\stm32f2xx_hal.o
#        X:\MailCloud\work\V&V\CODE\test207\EWARM\test207\Obj\stm32f2xx_hal_cortex.o
#        X:\MailCloud\work\V&V\CODE\test207\EWARM\test207\Obj\stm32f2xx_hal_dma.o
#        X:\MailCloud\work\V&V\CODE\test207\EWARM\test207\Obj\stm32f2xx_hal_dma_ex.o
#        X:\MailCloud\work\V&V\CODE\test207\EWARM\test207\Obj\stm32f2xx_hal_eth.o
#        X:\MailCloud\work\V&V\CODE\test207\EWARM\test207\Obj\stm32f2xx_hal_flash.o
#        X:\MailCloud\work\V&V\CODE\test207\EWARM\test207\Obj\stm32f2xx_hal_flash_ex.o
#        X:\MailCloud\work\V&V\CODE\test207\EWARM\test207\Obj\stm32f2xx_hal_gpio.o
#        X:\MailCloud\work\V&V\CODE\test207\EWARM\test207\Obj\stm32f2xx_hal_msp.o
#        X:\MailCloud\work\V&V\CODE\test207\EWARM\test207\Obj\stm32f2xx_hal_pcd.o
#        X:\MailCloud\work\V&V\CODE\test207\EWARM\test207\Obj\stm32f2xx_hal_pcd_ex.o
#        X:\MailCloud\work\V&V\CODE\test207\EWARM\test207\Obj\stm32f2xx_hal_pwr.o
#        X:\MailCloud\work\V&V\CODE\test207\EWARM\test207\Obj\stm32f2xx_hal_pwr_ex.o
#        X:\MailCloud\work\V&V\CODE\test207\EWARM\test207\Obj\stm32f2xx_hal_rcc.o
#        X:\MailCloud\work\V&V\CODE\test207\EWARM\test207\Obj\stm32f2xx_hal_rcc_ex.o
#        X:\MailCloud\work\V&V\CODE\test207\EWARM\test207\Obj\stm32f2xx_hal_tim.o
#        X:\MailCloud\work\V&V\CODE\test207\EWARM\test207\Obj\stm32f2xx_hal_tim_ex.o
#        X:\MailCloud\work\V&V\CODE\test207\EWARM\test207\Obj\stm32f2xx_hal_timebase_TIM.o
#        X:\MailCloud\work\V&V\CODE\test207\EWARM\test207\Obj\stm32f2xx_it.o
#        X:\MailCloud\work\V&V\CODE\test207\EWARM\test207\Obj\stm32f2xx_ll_usb.o
#        X:\MailCloud\work\V&V\CODE\test207\EWARM\test207\Obj\sys.o
#        X:\MailCloud\work\V&V\CODE\test207\EWARM\test207\Obj\sys_arch.o
#        X:\MailCloud\work\V&V\CODE\test207\EWARM\test207\Obj\system_stm32f2xx.o
#        X:\MailCloud\work\V&V\CODE\test207\EWARM\test207\Obj\tasks.o
#        X:\MailCloud\work\V&V\CODE\test207\EWARM\test207\Obj\tcp.o
#        X:\MailCloud\work\V&V\CODE\test207\EWARM\test207\Obj\tcp_echoserver.o
#        X:\MailCloud\work\V&V\CODE\test207\EWARM\test207\Obj\tcp_in.o
#        X:\MailCloud\work\V&V\CODE\test207\EWARM\test207\Obj\tcp_out.o
#        X:\MailCloud\work\V&V\CODE\test207\EWARM\test207\Obj\tcpip.o
#        X:\MailCloud\work\V&V\CODE\test207\EWARM\test207\Obj\timeouts.o
#        X:\MailCloud\work\V&V\CODE\test207\EWARM\test207\Obj\timers.o
#        X:\MailCloud\work\V&V\CODE\test207\EWARM\test207\Obj\udp.o
#        X:\MailCloud\work\V&V\CODE\test207\EWARM\test207\Obj\upap.o
#        X:\MailCloud\work\V&V\CODE\test207\EWARM\test207\Obj\usb_device.o
#        X:\MailCloud\work\V&V\CODE\test207\EWARM\test207\Obj\usbd_cdc.o
#        X:\MailCloud\work\V&V\CODE\test207\EWARM\test207\Obj\usbd_cdc_if.o
#        X:\MailCloud\work\V&V\CODE\test207\EWARM\test207\Obj\usbd_conf.o
#        X:\MailCloud\work\V&V\CODE\test207\EWARM\test207\Obj\usbd_core.o
#        X:\MailCloud\work\V&V\CODE\test207\EWARM\test207\Obj\usbd_ctlreq.o
#        X:\MailCloud\work\V&V\CODE\test207\EWARM\test207\Obj\usbd_desc.o
#        X:\MailCloud\work\V&V\CODE\test207\EWARM\test207\Obj\usbd_ioreq.o
#        X:\MailCloud\work\V&V\CODE\test207\EWARM\test207\Obj\utils.o
#        X:\MailCloud\work\V&V\CODE\test207\EWARM\test207\Obj\vj.o --redirect
#        _Printf=_PrintfFull --redirect _Scanf=_ScanfFull -o
#        X:\MailCloud\work\V&V\CODE\test207\EWARM\test207\Exe\test207.out --map
#        X:\MailCloud\work\V&V\CODE\test207\EWARM\test207\List\test207.map
#        --config
#        X:\MailCloud\work\V&V\CODE\test207\EWARM/stm32f207xx_flash.icf
#        --semihosting --entry __iar_program_start --vfe
#
###############################################################################

*******************************************************************************
*** RUNTIME MODEL ATTRIBUTES
***

CppFlavor       = *
__Heap_Handler  = DLMalloc
__SystemLibrary = DLib


*******************************************************************************
*** PLACEMENT SUMMARY
***

"A1":  place at 0x08000000 { ro section .intvec };
"P1":  place in [from 0x08000000 to 0x080fffff] { ro };
"P2":  place in [from 0x20000000 to 0x20020000] { rw, block CSTACK, block HEAP };

  Section            Kind        Address     Size  Object
  -------            ----        -------     ----  ------
"A1":                                       0x184
  .intvec            ro code  0x08000000    0x184  startup_stm32f207xx.o [1]
                            - 0x08000184    0x184

"P1":                                     0x11690
  .text              ro code  0x08000184   0x191c  tcp_in.o [1]
  .text              ro code  0x08001aa0     0x50  ip4_addr.o [1]
  .text              ro code  0x08001af0     0x26  def.o [1]
  .text              ro code  0x08001b16     0x76  lz77_init_single.o [4]
  .text              ro code  0x08001b8c    0x686  pbuf.o [1]
  .text              ro code  0x08002214    0xf38  tcp.o [1]
  .text              ro code  0x0800314c     0xe4  memp.o [1]
  .text              ro code  0x08003230    0xee6  tcp_out.o [1]
  .text              ro code  0x08004118    0x290  timeouts.o [1]
  .text              ro code  0x080043a8    0x25c  sys_arch.o [1]
  .text              ro code  0x08004604    0x1c0  tcpip.o [1]
  .text              ro code  0x080047c4    0x3c4  mem.o [1]
  .text              ro code  0x08004b88     0x76  ABImemcpy_unaligned.o [4]
  .text              ro code  0x08004c00     0x66  ABImemset.o [4]
  .text              ro code  0x08004c68    0x3b0  ip4.o [1]
  .text              ro code  0x08005018    0x518  ethernetif.o [1]
  .text              ro code  0x08005530    0x412  cmsis_os.o [1]
  .text              ro code  0x08005944      0x6  ABImemclr4.o [4]
  .text              ro code  0x0800594a     0x20  init.o [1]
  .text              ro code  0x0800596c    0x798  ip4_frag.o [1]
  .text              ro code  0x08006104    0x540  udp.o [1]
  .text              ro code  0x08006644    0x26a  icmp.o [1]
  .text              ro code  0x080068b0    0x22c  stm32f2xx_hal_gpio.o [1]
  .text              ro code  0x08006adc    0x160  stm32f2xx_hal_cortex.o [1]
  .text              ro code  0x08006c3c    0xb28  stm32f2xx_hal_eth.o [1]
  .text              ro code  0x08007764     0x74  stm32f2xx_hal.o [1]
  .text              ro code  0x080077d8    0xae0  tasks.o [1]
  .text              ro code  0x080082b8    0x998  queue.o [1]
  .text              ro code  0x08008c50    0x1fc  port.o [1]
  .text              ro code  0x08008e4c     0x32  ABImemset48.o [4]
  .text              ro code  0x08008e80    0x1a8  netif.o [1]
  .text              ro code  0x08009028    0x60c  stm32f2xx_hal_rcc.o [1]
  .text              ro code  0x08009634     0x98  stm32f2xx_hal_timebase_TIM.o [1]
  .text              ro code  0x080096cc     0x5e  stm32f2xx_hal_msp.o [1]
  .text              ro code  0x0800972c    0x280  heap_4.o [1]
  .text              ro code  0x080099ac     0x9e  list.o [1]
  CODE               ro code  0x08009a4c     0x88  portasm.o [1]
  .text              ro code  0x08009ad4    0xa3c  etharp.o [1]
  .text              ro code  0x0800a510    0x2f0  stm32f2xx_hal_tim.o [1]
  .text              ro code  0x0800a800    0x144  ethernet.o [1]
  .text              ro code  0x0800a944    0x24a  main.o [1]
  .text              ro code  0x0800ab90      0x4  stm32f2xx_hal_tim_ex.o [1]
  .text              ro code  0x0800ab94     0x62  memcmp_unaligned.o [4]
  .text              ro code  0x0800abf8    0x110  lwip.o [1]
  .text              ro code  0x0800ad08     0x34  usb_device.o [1]
  .text              ro code  0x0800ad3c    0xbd0  sockets.o [1]
  .text              ro code  0x0800b90c     0x1c  strcat.o [3]
  .text              ro code  0x0800b928     0x36  strlen.o [4]
  .text              ro code  0x0800b95e    0x346  usbd_core.o [1]
  .text              ro code  0x0800bca4    0x2b8  usbd_cdc.o [1]
  .text              ro code  0x0800bf5c     0x96  netbuf.o [1]
  .text              ro code  0x0800bff4    0x510  api_lib.o [1]
  .text              ro code  0x0800c504     0x24  err.o [1]
  .text              ro code  0x0800c528    0x516  usbd_conf.o [1]
  .text              ro code  0x0800ca40    0x65e  usbd_ctlreq.o [1]
  .text              ro code  0x0800d09e     0xbc  usbd_ioreq.o [1]
  .text              ro code  0x0800d15c   0x14f0  dlmalloc.o [3]
  .text              ro code  0x0800e64c   0x1094  api_msg.o [1]
  .text              ro code  0x0800f6e0    0xae2  stm32f2xx_hal_pcd.o [1]
  .text              ro code  0x080101c2     0x6e  stm32f2xx_hal_pcd_ex.o [1]
  .text              ro code  0x08010230      0x6  abort.o [3]
  .text              ro code  0x08010238     0x2c  xgetmemchunk.o [3]
  .text              ro code  0x08010264    0xd24  stm32f2xx_ll_usb.o [1]
  .text              ro code  0x08010f88     0x14  exit.o [5]
  .text              ro code  0x08010f9c     0xe0  usbd_desc.o [1]
  .rodata            const    0x0801107c     0xb8  main.o [1]
  .text              ro code  0x08011134     0x84  usbd_cdc_if.o [1]
  .text              ro code  0x080111b8     0x5c  system_stm32f2xx.o [1]
  .rodata            const    0x08011214     0x44  err.o [1]
  .text              ro code  0x08011258     0x40  stm32f2xx_it.o [1]
  .text              ro code  0x08011298     0x40  zero_init3.o [4]
  .rodata            const    0x080112d8     0x34  memp.o [1]
  .rodata            const    0x0801130c     0x34  usbd_conf.o [1]
  .rodata            const    0x08011340     0x30  main.o [1]
  .text              ro code  0x08011370     0x28  data_init.o [4]
  .iar.init_table    const    0x08011398     0x20  - Linker created -
  .text              ro code  0x080113b8     0x1a  cmain.o [4]
  .text              ro code  0x080113d2      0x4  low_level_init.o [3]
  .text              ro code  0x080113d6      0x4  exit.o [3]
  .text              ro code  0x080113dc      0xa  cexit.o [4]
  .rodata            const    0x080113e8     0x18  timeouts.o [1]
  .rodata            const    0x08011400     0x18  usbd_desc.o [1]
  .rodata            const    0x08011418     0x14  ethernetif.o [1]
  .rodata            const    0x0801142c     0x14  main.o [1]
  .rodata            const    0x08011440     0x14  main.o [1]
  .rodata            const    0x08011454     0x14  usbd_desc.o [1]
  .rodata            const    0x08011468     0x10  main.o [1]
  .rodata            const    0x08011478     0x10  system_stm32f2xx.o [1]
  .rodata            const    0x08011488     0x10  tcp.o [1]
  .rodata            const    0x08011498     0x10  tcp.o [1]
  .rodata            const    0x080114a8     0x10  tcpip.o [1]
  .rodata            const    0x080114b8     0x10  usbd_desc.o [1]
  .rodata            const    0x080114c8     0x10  usbd_desc.o [1]
  .text              ro code  0x080114d8     0x10  startup_stm32f207xx.o [1]
  .rodata            const    0x080114e8      0xc  main.o [1]
  .rodata            const    0x080114f4      0xc  memp.o [1]
  .rodata            const    0x08011500      0xc  memp.o [1]
  .rodata            const    0x0801150c      0xc  memp.o [1]
  .rodata            const    0x08011518      0xc  memp.o [1]
  .rodata            const    0x08011524      0xc  memp.o [1]
  .rodata            const    0x08011530      0xc  memp.o [1]
  .rodata            const    0x0801153c      0xc  memp.o [1]
  .rodata            const    0x08011548      0xc  memp.o [1]
  .rodata            const    0x08011554      0xc  memp.o [1]
  .rodata            const    0x08011560      0xc  memp.o [1]
  .rodata            const    0x0801156c      0xc  memp.o [1]
  .rodata            const    0x08011578      0xc  memp.o [1]
  .rodata            const    0x08011584      0xc  memp.o [1]
  .rodata            const    0x08011590      0xc  usbd_desc.o [1]
  .text              ro code  0x0801159c      0xc  cstartup_M.o [4]
  .rodata            const    0x080115a8      0x8  ethernet.o [1]
  .rodata            const    0x080115b0      0x8  ethernet.o [1]
  .rodata            const    0x080115b8      0x8  ethernetif.o [1]
  .rodata            const    0x080115c0      0x8  main.o [1]
  .rodata            const    0x080115c8      0x8  sys_arch.o [1]
  .rodata            const    0x080115d0      0x8  system_stm32f2xx.o [1]
  .rodata            const    0x080115d8      0x8  tasks.o [1]
  .rodata            const    0x080115e0      0x8  tcp.o [1]
  .rodata            const    0x080115e8      0x4  ethernetif.o [1]
  .rodata            const    0x080115ec      0x4  heap_4.o [1]
  .rodata            const    0x080115f0      0x4  ip4_addr.o [1]
  .rodata            const    0x080115f4      0x4  port.o [1]
  .rodata            const    0x080115f8      0x4  sys_arch.o [1]
  .rodata            const    0x080115fc      0x4  sys_arch.o [1]
  .rodata            const    0x08011600      0x4  sys_arch.o [1]
  .text              ro code  0x08011604      0x4  startup_stm32f207xx.o [1]
  .text              ro code  0x08011608      0x4  startup_stm32f207xx.o [1]
  .text              ro code  0x0801160c      0x4  startup_stm32f207xx.o [1]
  .text              ro code  0x08011610      0x4  startup_stm32f207xx.o [1]
  .text              ro code  0x08011614      0x4  startup_stm32f207xx.o [1]
  .text              ro code  0x08011618      0x4  startup_stm32f207xx.o [1]
  .text              ro code  0x0801161c      0x4  startup_stm32f207xx.o [1]
  .text              ro code  0x08011620      0x4  startup_stm32f207xx.o [1]
  .text              ro code  0x08011624      0x4  startup_stm32f207xx.o [1]
  .text              ro code  0x08011628      0x4  startup_stm32f207xx.o [1]
  .text              ro code  0x0801162c      0x4  startup_stm32f207xx.o [1]
  .text              ro code  0x08011630      0x4  startup_stm32f207xx.o [1]
  .text              ro code  0x08011634      0x4  startup_stm32f207xx.o [1]
  .text              ro code  0x08011638      0x4  startup_stm32f207xx.o [1]
  .text              ro code  0x0801163c      0x4  startup_stm32f207xx.o [1]
  .text              ro code  0x08011640      0x4  startup_stm32f207xx.o [1]
  .text              ro code  0x08011644      0x4  startup_stm32f207xx.o [1]
  .text              ro code  0x08011648      0x4  startup_stm32f207xx.o [1]
  .text              ro code  0x0801164c      0x4  startup_stm32f207xx.o [1]
  .text              ro code  0x08011650      0x4  startup_stm32f207xx.o [1]
  .text              ro code  0x08011654      0x4  startup_stm32f207xx.o [1]
  .text              ro code  0x08011658      0x4  startup_stm32f207xx.o [1]
  .text              ro code  0x0801165c      0x4  startup_stm32f207xx.o [1]
  .text              ro code  0x08011660      0x4  startup_stm32f207xx.o [1]
  .text              ro code  0x08011664      0x4  startup_stm32f207xx.o [1]
  .text              ro code  0x08011668      0x4  startup_stm32f207xx.o [1]
  .text              ro code  0x0801166c      0x4  startup_stm32f207xx.o [1]
  .text              ro code  0x08011670      0x4  startup_stm32f207xx.o [1]
  .text              ro code  0x08011674      0x4  startup_stm32f207xx.o [1]
  .text              ro code  0x08011678      0x4  startup_stm32f207xx.o [1]
  .text              ro code  0x0801167c      0x4  startup_stm32f207xx.o [1]
  .text              ro code  0x08011680      0x4  startup_stm32f207xx.o [1]
  .text              ro code  0x08011684      0x4  startup_stm32f207xx.o [1]
  .text              ro code  0x08011688      0x4  startup_stm32f207xx.o [1]
  .text              ro code  0x0801168c      0x4  startup_stm32f207xx.o [1]
  .text              ro code  0x08011690      0x4  startup_stm32f207xx.o [1]
  .text              ro code  0x08011694      0x4  startup_stm32f207xx.o [1]
  .text              ro code  0x08011698      0x4  startup_stm32f207xx.o [1]
  .text              ro code  0x0801169c      0x4  startup_stm32f207xx.o [1]
  .text              ro code  0x080116a0      0x4  startup_stm32f207xx.o [1]
  .text              ro code  0x080116a4      0x4  startup_stm32f207xx.o [1]
  .text              ro code  0x080116a8      0x4  startup_stm32f207xx.o [1]
  .text              ro code  0x080116ac      0x4  startup_stm32f207xx.o [1]
  .text              ro code  0x080116b0      0x4  startup_stm32f207xx.o [1]
  .text              ro code  0x080116b4      0x4  startup_stm32f207xx.o [1]
  .text              ro code  0x080116b8      0x4  startup_stm32f207xx.o [1]
  .text              ro code  0x080116bc      0x4  startup_stm32f207xx.o [1]
  .text              ro code  0x080116c0      0x4  startup_stm32f207xx.o [1]
  .text              ro code  0x080116c4      0x4  startup_stm32f207xx.o [1]
  .text              ro code  0x080116c8      0x4  startup_stm32f207xx.o [1]
  .text              ro code  0x080116cc      0x4  startup_stm32f207xx.o [1]
  .text              ro code  0x080116d0      0x4  startup_stm32f207xx.o [1]
  .text              ro code  0x080116d4      0x4  startup_stm32f207xx.o [1]
  .text              ro code  0x080116d8      0x4  startup_stm32f207xx.o [1]
  .text              ro code  0x080116dc      0x4  startup_stm32f207xx.o [1]
  .text              ro code  0x080116e0      0x4  startup_stm32f207xx.o [1]
  .text              ro code  0x080116e4      0x4  startup_stm32f207xx.o [1]
  .text              ro code  0x080116e8      0x4  startup_stm32f207xx.o [1]
  .text              ro code  0x080116ec      0x4  startup_stm32f207xx.o [1]
  .text              ro code  0x080116f0      0x4  startup_stm32f207xx.o [1]
  .text              ro code  0x080116f4      0x4  startup_stm32f207xx.o [1]
  .text              ro code  0x080116f8      0x4  startup_stm32f207xx.o [1]
  .text              ro code  0x080116fc      0x4  startup_stm32f207xx.o [1]
  .text              ro code  0x08011700      0x4  startup_stm32f207xx.o [1]
  .text              ro code  0x08011704      0x4  startup_stm32f207xx.o [1]
  .text              ro code  0x08011708      0x4  startup_stm32f207xx.o [1]
  .text              ro code  0x0801170c      0x4  startup_stm32f207xx.o [1]
  .text              ro code  0x08011710      0x4  startup_stm32f207xx.o [1]
  .text              ro code  0x08011714      0x4  startup_stm32f207xx.o [1]
  .text              ro code  0x08011718      0x4  startup_stm32f207xx.o [1]
  .text              ro code  0x0801171c      0x4  startup_stm32f207xx.o [1]
  .text              ro code  0x08011720      0x4  startup_stm32f207xx.o [1]
  .text              ro code  0x08011724      0x4  startup_stm32f207xx.o [1]
  .text              ro code  0x08011728      0x4  startup_stm32f207xx.o [1]
  .text              ro code  0x0801172c      0x4  startup_stm32f207xx.o [1]
  .text              ro code  0x08011730      0x4  startup_stm32f207xx.o [1]
  .text              ro code  0x08011734      0x4  startup_stm32f207xx.o [1]
  .rodata            const    0x08011738      0x0  zero_init3.o [4]
  .rodata            const    0x08011738      0x0  lz77_init_single.o [4]
  Initializer bytes  const    0x08011738     0xdc  <for P2-1>
                            - 0x08011814  0x11690

"P2", part 1 of 3:                          0x164
  P2-1                        0x20000000    0x164  <Init block>
    .data            inited   0x20000000      0x4  port.o [1]
    .data            inited   0x20000004      0x4  system_stm32f2xx.o [1]
    .data            inited   0x20000008      0x4  tcp.o [1]
    .data            inited   0x2000000c      0xc  usbd_cdc.o [1]
    .data            inited   0x20000018     0x38  usbd_cdc.o [1]
    .data            inited   0x20000050     0x44  usbd_cdc.o [1]
    .data            inited   0x20000094     0x44  usbd_cdc.o [1]
    .data            inited   0x200000d8     0x44  usbd_cdc.o [1]
    .data            inited   0x2000011c     0x10  usbd_cdc_if.o [1]
    .data            inited   0x2000012c     0x1c  usbd_desc.o [1]
    .data            inited   0x20000148     0x14  usbd_desc.o [1]
    .data            inited   0x2000015c      0x4  usbd_desc.o [1]
    .data            inited   0x20000160      0x2  tcp.o [1]
    .data            inited   0x20000162      0x2  udp.o [1]
                            - 0x20000164    0x164

"P2", part 2 of 3:                         0x5000
  CSTACK                      0x20000168   0x4000  <Block>
    CSTACK           uninit   0x20000168   0x4000  <Block tail>
  HEAP                        0x20004168   0x1000  <Block>
    HEAP             uninit   0x20004168   0x1000  <Block tail>
                            - 0x20005168   0x5000

"P2", part 3 of 3:                        0x19c88
  .bss               zero     0x20005168  0x12660  heap_4.o [1]
  .bss               zero     0x200177c8   0x2604  memp.o [1]
  .bss               zero     0x20019dcc   0x17d0  ethernetif.o [1]
  .bss               zero     0x2001b59c   0x17d0  ethernetif.o [1]
  .bss               zero     0x2001cd6c    0x654  mem.o [1]
  .bss               zero     0x2001d3c0    0x3e8  usbd_conf.o [1]
  .bss               zero     0x2001d7a8    0x2fc  memp.o [1]
  .bss               zero     0x2001daa4    0x224  usb_device.o [1]
  .bss               zero     0x2001dcc8    0x200  usbd_desc.o [1]
  .bss               zero     0x2001dec8    0x1d8  dlmalloc.o [3]
  .bss               zero     0x2001e0a0    0x16c  memp.o [1]
  .bss               zero     0x2001e20c    0x104  memp.o [1]
  .bss               zero     0x2001e310    0x104  memp.o [1]
  .bss               zero     0x2001e414     0xf0  etharp.o [1]
  .bss               zero     0x2001e504     0xe4  memp.o [1]
  .bss               zero     0x2001e5e8     0xb4  memp.o [1]
  .bss               zero     0x2001e69c     0xa4  memp.o [1]
  .bss               zero     0x2001e740     0x8c  tasks.o [1]
  .bss               zero     0x2001e7cc     0x84  memp.o [1]
  .bss               zero     0x2001e850     0x84  memp.o [1]
  .bss               zero     0x2001e8d4     0x84  memp.o [1]
  .bss               zero     0x2001e958     0x80  ethernetif.o [1]
  .bss               zero     0x2001e9d8     0x80  ethernetif.o [1]
  .bss               zero     0x2001ea58     0x50  sockets.o [1]
  .bss               zero     0x2001eaa8     0x48  ethernetif.o [1]
  .bss               zero     0x2001eaf0     0x40  queue.o [1]
  .bss               zero     0x2001eb30     0x40  stm32f2xx_hal_timebase_TIM.o [1]
  .bss               zero     0x2001eb70     0x34  memp.o [1]
  .bss               zero     0x2001eba4     0x30  lwip.o [1]
  .bss               zero     0x2001ebd4     0x24  memp.o [1]
  .bss               zero     0x2001ebf8     0x18  ip.o [1]
  .bss               zero     0x2001ec10     0x18  dlmalloc.o [3]
  .bss               zero     0x2001ec28     0x14  tasks.o [1]
  .bss               zero     0x2001ec3c     0x14  tasks.o [1]
  .bss               zero     0x2001ec50     0x14  tasks.o [1]
  .bss               zero     0x2001ec64     0x14  tasks.o [1]
  .bss               zero     0x2001ec78     0x14  tasks.o [1]
  .bss               zero     0x2001ec8c     0x10  tcp_in.o [1]
  .bss               zero     0x2001ec9c      0x8  heap_4.o [1]
  .bss               zero     0x2001eca4      0x4  ethernetif.o [1]
  .bss               zero     0x2001eca8      0x4  heap_4.o [1]
  .bss               zero     0x2001ecac      0x4  heap_4.o [1]
  .bss               zero     0x2001ecb0      0x4  heap_4.o [1]
  .bss               zero     0x2001ecb4      0x4  heap_4.o [1]
  .bss               zero     0x2001ecb8      0x4  ip4_frag.o [1]
  .bss               zero     0x2001ecbc      0x4  lwip.o [1]
  .bss               zero     0x2001ecc0      0x4  lwip.o [1]
  .bss               zero     0x2001ecc4      0x4  lwip.o [1]
  .bss               zero     0x2001ecc8      0x4  lwip.o [1]
  .bss               zero     0x2001eccc      0x4  lwip.o [1]
  .bss               zero     0x2001ecd0      0x4  lwip.o [1]
  .bss               zero     0x2001ecd4      0x4  main.o [1]
  .bss               zero     0x2001ecd8      0x4  main.o [1]
  .bss               zero     0x2001ecdc      0x4  mem.o [1]
  .bss               zero     0x2001ece0      0x4  mem.o [1]
  .bss               zero     0x2001ece4      0x4  mem.o [1]
  .bss               zero     0x2001ece8      0x4  mem.o [1]
  .bss               zero     0x2001ecec      0x4  memp.o [1]
  .bss               zero     0x2001ecf0      0x4  memp.o [1]
  .bss               zero     0x2001ecf4      0x4  memp.o [1]
  .bss               zero     0x2001ecf8      0x4  memp.o [1]
  .bss               zero     0x2001ecfc      0x4  memp.o [1]
  .bss               zero     0x2001ed00      0x4  memp.o [1]
  .bss               zero     0x2001ed04      0x4  memp.o [1]
  .bss               zero     0x2001ed08      0x4  memp.o [1]
  .bss               zero     0x2001ed0c      0x4  memp.o [1]
  .bss               zero     0x2001ed10      0x4  memp.o [1]
  .bss               zero     0x2001ed14      0x4  memp.o [1]
  .bss               zero     0x2001ed18      0x4  memp.o [1]
  .bss               zero     0x2001ed1c      0x4  memp.o [1]
  .bss               zero     0x2001ed20      0x4  netif.o [1]
  .bss               zero     0x2001ed24      0x4  netif.o [1]
  .bss               zero     0x2001ed28      0x4  port.o [1]
  .bss               zero     0x2001ed2c      0x4  sockets.o [1]
  .bss               zero     0x2001ed30      0x4  sockets.o [1]
  .bss               zero     0x2001ed34      0x4  stm32f2xx_hal.o [1]
  .bss               zero     0x2001ed38      0x4  sys_arch.o [1]
  .bss               zero     0x2001ed3c      0x4  sys_arch.o [1]
  .bss               zero     0x2001ed40      0x4  tasks.o [1]
  .bss               zero     0x2001ed44      0x4  tasks.o [1]
  .bss               zero     0x2001ed48      0x4  tasks.o [1]
  .bss               zero     0x2001ed4c      0x4  tasks.o [1]
  .bss               zero     0x2001ed50      0x4  tasks.o [1]
  .bss               zero     0x2001ed54      0x4  tasks.o [1]
  .bss               zero     0x2001ed58      0x4  tasks.o [1]
  .bss               zero     0x2001ed5c      0x4  tasks.o [1]
  .bss               zero     0x2001ed60      0x4  tasks.o [1]
  .bss               zero     0x2001ed64      0x4  tasks.o [1]
  .bss               zero     0x2001ed68      0x4  tasks.o [1]
  .bss               zero     0x2001ed6c      0x4  tasks.o [1]
  .bss               zero     0x2001ed70      0x4  tasks.o [1]
  .bss               zero     0x2001ed74      0x4  tasks.o [1]
  .bss               zero     0x2001ed78      0x4  tasks.o [1]
  .bss               zero     0x2001ed7c      0x4  tcp.o [1]
  .bss               zero     0x2001ed80      0x4  tcp.o [1]
  .bss               zero     0x2001ed84      0x4  tcp.o [1]
  .bss               zero     0x2001ed88      0x4  tcp.o [1]
  .bss               zero     0x2001ed8c      0x4  tcp.o [1]
  .bss               zero     0x2001ed90      0x4  tcp_in.o [1]
  .bss               zero     0x2001ed94      0x4  tcp_in.o [1]
  .bss               zero     0x2001ed98      0x4  tcp_in.o [1]
  .bss               zero     0x2001ed9c      0x4  tcp_in.o [1]
  .bss               zero     0x2001eda0      0x4  tcp_in.o [1]
  .bss               zero     0x2001eda4      0x4  tcp_in.o [1]
  .bss               zero     0x2001eda8      0x4  tcpip.o [1]
  .bss               zero     0x2001edac      0x4  tcpip.o [1]
  .bss               zero     0x2001edb0      0x4  tcpip.o [1]
  .bss               zero     0x2001edb4      0x4  tcpip.o [1]
  .bss               zero     0x2001edb8      0x4  timeouts.o [1]
  .bss               zero     0x2001edbc      0x4  timeouts.o [1]
  .bss               zero     0x2001edc0      0x4  timeouts.o [1]
  .bss               zero     0x2001edc4      0x4  udp.o [1]
  .bss               zero     0x2001edc8      0x4  usbd_cdc_if.o [1]
  .bss               zero     0x2001edcc      0x4  usbd_cdc_if.o [1]
  .bss               zero     0x2001edd0      0x4  xgetmemchunk.o [3]
  .bss               zero     0x2001edd4      0x2  ip4.o [1]
  .bss               zero     0x2001edd6      0x2  ip4_frag.o [1]
  .bss               zero     0x2001edd8      0x2  tcp_in.o [1]
  .bss               zero     0x2001edda      0x2  tcp_in.o [1]
  .bss               zero     0x2001eddc      0x2  tcp_in.o [1]
  .bss               zero     0x2001edde      0x2  tcp_in.o [1]
  .bss               zero     0x2001ede0      0x2  tcp_in.o [1]
  .bss               zero     0x2001ede2      0x1  api_msg.o [1]
  .bss               zero     0x2001ede3      0x1  etharp.o [1]
  .bss               zero     0x2001ede4      0x1  netif.o [1]
  .bss               zero     0x2001ede5      0x1  pbuf.o [1]
  .bss               zero     0x2001ede6      0x1  port.o [1]
  .bss               zero     0x2001ede7      0x1  tcp.o [1]
  .bss               zero     0x2001ede8      0x1  tcp.o [1]
  .bss               zero     0x2001ede9      0x1  tcp.o [1]
  .bss               zero     0x2001edea      0x1  tcp_in.o [1]
  .bss               zero     0x2001edeb      0x1  tcp_in.o [1]
  .bss               zero     0x2001edec      0x1  usbd_cdc.o [1]
  .bss               zero     0x2001eded      0x1  usbd_ctlreq.o [1]
                            - 0x2001edee  0x19c86


*******************************************************************************
*** INIT TABLE
***

          Address     Size
          -------     ----
Zero (__iar_zero_init3)
    1 destination range, total size 0x19c86:
          0x20005168  0x19c86

Copy/lz77 (__iar_lz77_init_single3)
    1 source range, total size 0xdc (61% of destination):
          0x08011738     0xdc
    1 destination range, total size 0x164:
          0x20000000    0x164



*******************************************************************************
*** MODULE SUMMARY
***

    Module                        ro code  ro data  rw data
    ------                        -------  -------  -------
X:\MailCloud\work\V&V\CODE\test207\EWARM\test207\Obj: [1]
    api_lib.o                       1 296
    api_msg.o                       4 244                 1
    cmsis_os.o                      1 042
    def.o                              38
    err.o                              36       68
    etharp.o                        2 620               241
    ethernet.o                        324       16
    ethernetif.o                    1 304       32   12 524
    heap_4.o                          640        4   75 384
    icmp.o                            618
    init.o                             32
    ip.o                                                 24
    ip4.o                             944                 2
    ip4_addr.o                         80        4
    ip4_frag.o                      1 944                 6
    list.o                            158
    lwip.o                            272                72
    main.o                            586      308        8
    mem.o                             964             1 636
    memp.o                            228      208   12 488
    netbuf.o                          150
    netif.o                           424                 9
    pbuf.o                          1 670                 1
    port.o                            508        6        9
    portasm.o                         136
    queue.o                         2 456                64
    sockets.o                       3 024                88
    startup_stm32f207xx.o             712
    stm32f2xx_hal.o                   116                 4
    stm32f2xx_hal_cortex.o            352
    stm32f2xx_hal_eth.o             2 856
    stm32f2xx_hal_gpio.o              556
    stm32f2xx_hal_msp.o                94
    stm32f2xx_hal_pcd.o             2 786
    stm32f2xx_hal_pcd_ex.o            110
    stm32f2xx_hal_rcc.o             1 548
    stm32f2xx_hal_tim.o               752
    stm32f2xx_hal_tim_ex.o              4
    stm32f2xx_hal_timebase_TIM.o      152                64
    stm32f2xx_it.o                     64
    stm32f2xx_ll_usb.o              3 364
    sys_arch.o                        604       20        8
    system_stm32f2xx.o                 92       26        4
    tasks.o                         2 784        8      300
    tcp.o                           3 896       44       29
    tcp_in.o                        6 428                52
    tcp_out.o                       3 814
    tcpip.o                           448       16       16
    timeouts.o                        656       24       12
    udp.o                           1 344        1        6
    usb_device.o                       52               548
    usbd_cdc.o                        696      168      273
    usbd_cdc_if.o                     132       10       24
    usbd_conf.o                     1 302       52    1 000
    usbd_core.o                       838
    usbd_ctlreq.o                   1 630                 1
    usbd_desc.o                       224      120      564
    usbd_ioreq.o                      188
    -------------------------------------------------------
    Total:                         64 332    1 135  105 462

command line: [2]
    -------------------------------------------------------
    Total:

dl7M_tlf.a: [3]
    abort.o                             6
    dlmalloc.o                      5 360               496
    exit.o                              4
    low_level_init.o                    4
    strcat.o                           28
    xgetmemchunk.o                     44                 4
    -------------------------------------------------------
    Total:                          5 446               500

rt7M_tl.a: [4]
    ABImemclr4.o                        6
    ABImemcpy_unaligned.o             118
    ABImemset.o                       102
    ABImemset48.o                      50
    cexit.o                            10
    cmain.o                            26
    cstartup_M.o                       12
    data_init.o                        40
    lz77_init_single.o                118
    memcmp_unaligned.o                 98
    strlen.o                           54
    zero_init3.o                       64
    -------------------------------------------------------
    Total:                            698

shb_l.a: [5]
    exit.o                             20
    -------------------------------------------------------
    Total:                             20

    Gaps                               34        2
    Linker created                              33   20 480
-----------------------------------------------------------
    Grand Total:                   70 530    1 170  126 442


*******************************************************************************
*** ENTRY LIST
***

Entry                      Address     Size  Type      Object
-----                      -------     ----  ----      ------
.iar.init_table$$Base   0x08011398            --   Gb  - Linker created -
.iar.init_table$$Limit  0x080113b8            --   Gb  - Linker created -
?main                   0x080113b9           Code  Gb  cmain.o [4]
AHBPrescTable           0x08011478     0x10  Data  Gb  system_stm32f2xx.o [1]
APBPrescTable           0x080115d0      0x8  Data  Gb  system_stm32f2xx.o [1]
BusFault_Handler        0x0801125f      0x2  Code  Gb  stm32f2xx_it.o [1]
CDC_Control_FS          0x08011151     0x42  Code  Lc  usbd_cdc_if.o [1]
CDC_DeInit_FS           0x0801114d      0x4  Code  Lc  usbd_cdc_if.o [1]
CDC_Init_FS             0x08011135     0x18  Code  Lc  usbd_cdc_if.o [1]
CDC_Receive_FS          0x08011193     0x18  Code  Lc  usbd_cdc_if.o [1]
CSTACK$$Base            0x20000168            --   Gb  - Linker created -
CSTACK$$Limit           0x20004168            --   Gb  - Linker created -
DMARxDscrTab            0x2001e958     0x80  Data  Gb  ethernetif.o [1]
DMATxDscrTab            0x2001e9d8     0x80  Data  Gb  ethernetif.o [1]
DebugMon_Handler        0x08011263      0x2  Code  Gb  stm32f2xx_it.o [1]
ETH_DMAReceptionEnable  0x080076cf     0x16  Code  Lc  stm32f2xx_hal_eth.o [1]
ETH_DMATransmissionEnable
                        0x080076b9     0x16  Code  Lc  stm32f2xx_hal_eth.o [1]
ETH_Delay               0x0800771f     0x26  Code  Lc  stm32f2xx_hal_eth.o [1]
ETH_FlushTransmitFIFO   0x080076e5     0x3a  Code  Lc  stm32f2xx_hal_eth.o [1]
ETH_IRQHandler          0x08011277      0xa  Code  Gb  stm32f2xx_it.o [1]
ETH_MACAddressConfig    0x08007627     0x2e  Code  Lc  stm32f2xx_hal_eth.o [1]
ETH_MACDMAConfig        0x0800739b    0x28c  Code  Lc  stm32f2xx_hal_eth.o [1]
ETH_MACReceptionEnable  0x0800768f     0x2a  Code  Lc  stm32f2xx_hal_eth.o [1]
ETH_MACTransmissionEnable
                        0x08007665     0x2a  Code  Lc  stm32f2xx_hal_eth.o [1]
FS_Desc                 0x2000012c     0x1c  Data  Gb  usbd_desc.o [1]
GATEWAY_ADDRESS         0x2001ecd0      0x4  Data  Gb  lwip.o [1]
HAL_Delay               0x080077b1     0x1e  Code  Wk  stm32f2xx_hal.o [1]
HAL_ETH_DMARxDescListInit
                        0x08006f33     0x82  Code  Gb  stm32f2xx_hal_eth.o [1]
HAL_ETH_DMATxDescListInit
                        0x08006eb7     0x7c  Code  Gb  stm32f2xx_hal_eth.o [1]
HAL_ETH_ErrorCallback   0x0800722f      0x2  Code  Wk  stm32f2xx_hal_eth.o [1]
HAL_ETH_GetReceivedFrame_IT
                        0x080070f3     0xac  Code  Gb  stm32f2xx_hal_eth.o [1]
HAL_ETH_IRQHandler      0x0800719f     0x8e  Code  Gb  stm32f2xx_hal_eth.o [1]
HAL_ETH_Init            0x08006c3d    0x27a  Code  Gb  stm32f2xx_hal_eth.o [1]
HAL_ETH_MspInit         0x08005019     0xe6  Code  Gb  ethernetif.o [1]
HAL_ETH_ReadPHYRegister
                        0x08007231     0x90  Code  Gb  stm32f2xx_hal_eth.o [1]
HAL_ETH_RxCpltCallback  0x080050ff     0x10  Code  Gb  ethernetif.o [1]
HAL_ETH_Start           0x08007351     0x4a  Code  Gb  stm32f2xx_hal_eth.o [1]
HAL_ETH_TransmitFrame   0x08006fb5    0x13e  Code  Gb  stm32f2xx_hal_eth.o [1]
HAL_ETH_TxCpltCallback  0x0800722d      0x2  Code  Wk  stm32f2xx_hal_eth.o [1]
HAL_ETH_WritePHYRegister
                        0x080072c1     0x90  Code  Gb  stm32f2xx_hal_eth.o [1]
HAL_GPIO_Init           0x080068b1    0x1ee  Code  Gb  stm32f2xx_hal_gpio.o [1]
HAL_GetTick             0x080077ab      0x6  Code  Wk  stm32f2xx_hal.o [1]
HAL_IncTick             0x0800779f      0xc  Code  Wk  stm32f2xx_hal.o [1]
HAL_Init                0x08007765     0x3a  Code  Gb  stm32f2xx_hal.o [1]
HAL_InitTick            0x08009635     0x86  Code  Gb  stm32f2xx_hal_timebase_TIM.o [1]
HAL_MspInit             0x080096cd     0x5e  Code  Gb  stm32f2xx_hal_msp.o [1]
HAL_NVIC_EnableIRQ      0x08006bdf      0xe  Code  Gb  stm32f2xx_hal_cortex.o [1]
HAL_NVIC_SetPriority    0x08006bb9     0x26  Code  Gb  stm32f2xx_hal_cortex.o [1]
HAL_NVIC_SetPriorityGrouping
                        0x08006bad      0xc  Code  Gb  stm32f2xx_hal_cortex.o [1]
HAL_PCDEx_SetRxFiFo     0x08010225      0xc  Code  Gb  stm32f2xx_hal_pcd_ex.o [1]
HAL_PCDEx_SetTxFiFo     0x080101c3     0x62  Code  Gb  stm32f2xx_hal_pcd_ex.o [1]
HAL_PCD_ConnectCallback
                        0x0800c691      0xe  Code  Gb  usbd_conf.o [1]
HAL_PCD_DataInStageCallback
                        0x0800c5c3     0x1e  Code  Gb  usbd_conf.o [1]
HAL_PCD_DataOutStageCallback
                        0x0800c5a3     0x20  Code  Gb  usbd_conf.o [1]
HAL_PCD_DisconnectCallback
                        0x0800c69f      0xe  Code  Gb  usbd_conf.o [1]
HAL_PCD_EP_Close        0x0800fee7     0x62  Code  Gb  stm32f2xx_hal_pcd.o [1]
HAL_PCD_EP_ClrStall     0x080100a5     0x62  Code  Gb  stm32f2xx_hal_pcd.o [1]
HAL_PCD_EP_GetRxCount   0x0800ffb3     0x14  Code  Gb  stm32f2xx_hal_pcd.o [1]
HAL_PCD_EP_Open         0x0800fe4d     0x9a  Code  Gb  stm32f2xx_hal_pcd.o [1]
HAL_PCD_EP_Receive      0x0800ff49     0x6a  Code  Gb  stm32f2xx_hal_pcd.o [1]
HAL_PCD_EP_SetStall     0x0801002f     0x76  Code  Gb  stm32f2xx_hal_pcd.o [1]
HAL_PCD_EP_Transmit     0x0800ffc7     0x68  Code  Gb  stm32f2xx_hal_pcd.o [1]
HAL_PCD_IRQHandler      0x0800f82b    0x5c6  Code  Gb  stm32f2xx_hal_pcd.o [1]
HAL_PCD_ISOINIncompleteCallback
                        0x0800c67d     0x14  Code  Gb  usbd_conf.o [1]
HAL_PCD_ISOOUTIncompleteCallback
                        0x0800c669     0x14  Code  Gb  usbd_conf.o [1]
HAL_PCD_Init            0x0800f6e1    0x11e  Code  Gb  stm32f2xx_hal_pcd.o [1]
HAL_PCD_MspInit         0x0800c529     0x68  Code  Gb  usbd_conf.o [1]
HAL_PCD_ResetCallback   0x0800c5ef     0x38  Code  Gb  usbd_conf.o [1]
HAL_PCD_ResumeCallback  0x0800c65b      0xe  Code  Gb  usbd_conf.o [1]
HAL_PCD_SOFCallback     0x0800c5e1      0xe  Code  Gb  usbd_conf.o [1]
HAL_PCD_SetAddress      0x0800fe21     0x2c  Code  Gb  stm32f2xx_hal_pcd.o [1]
HAL_PCD_SetupStageCallback
                        0x0800c591     0x12  Code  Gb  usbd_conf.o [1]
HAL_PCD_Start           0x0800f7ff     0x2c  Code  Gb  stm32f2xx_hal_pcd.o [1]
HAL_PCD_SuspendCallback
                        0x0800c627     0x34  Code  Gb  usbd_conf.o [1]
HAL_RCC_ClockConfig     0x08009361    0x186  Code  Gb  stm32f2xx_hal_rcc.o [1]
HAL_RCC_GetClockConfig  0x080095b1     0x3a  Code  Gb  stm32f2xx_hal_rcc.o [1]
HAL_RCC_GetHCLKFreq     0x0800958b      0x6  Code  Gb  stm32f2xx_hal_rcc.o [1]
HAL_RCC_GetPCLK1Freq    0x08009591     0x20  Code  Gb  stm32f2xx_hal_rcc.o [1]
HAL_RCC_GetSysClockFreq
                        0x080094e7     0xa4  Code  Gb  stm32f2xx_hal_rcc.o [1]
HAL_RCC_OscConfig       0x08009029    0x338  Code  Gb  stm32f2xx_hal_rcc.o [1]
HAL_SYSTICK_CLKSourceConfig
                        0x08006bf9     0x20  Code  Gb  stm32f2xx_hal_cortex.o [1]
HAL_SYSTICK_Config      0x08006bed      0xc  Code  Gb  stm32f2xx_hal_cortex.o [1]
HAL_TIMEx_BreakCallback
                        0x0800ab93      0x2  Code  Wk  stm32f2xx_hal_tim_ex.o [1]
HAL_TIMEx_CommutationCallback
                        0x0800ab91      0x2  Code  Wk  stm32f2xx_hal_tim_ex.o [1]
HAL_TIM_Base_Init       0x0800a511     0x38  Code  Gb  stm32f2xx_hal_tim.o [1]
HAL_TIM_Base_MspInit    0x0800a549      0x2  Code  Wk  stm32f2xx_hal_tim.o [1]
HAL_TIM_Base_Start_IT   0x0800a54b     0x1e  Code  Gb  stm32f2xx_hal_tim.o [1]
HAL_TIM_IC_CaptureCallback
                        0x0800a6e1      0x2  Code  Wk  stm32f2xx_hal_tim.o [1]
HAL_TIM_IRQHandler      0x0800a569    0x176  Code  Gb  stm32f2xx_hal_tim.o [1]
HAL_TIM_OC_DelayElapsedCallback
                        0x0800a6df      0x2  Code  Wk  stm32f2xx_hal_tim.o [1]
HAL_TIM_PWM_PulseFinishedCallback
                        0x0800a6e3      0x2  Code  Wk  stm32f2xx_hal_tim.o [1]
HAL_TIM_PeriodElapsedCallback
                        0x0800ab57     0x12  Code  Gb  main.o [1]
HAL_TIM_TriggerCallback
                        0x0800a6e5      0x2  Code  Wk  stm32f2xx_hal_tim.o [1]
HEAP$$Base              0x20004168            --   Gb  - Linker created -
HEAP$$Limit             0x20005168            --   Gb  - Linker created -
HardFault_Handler       0x0801125b      0x2  Code  Gb  stm32f2xx_it.o [1]
IP_ADDRESS              0x2001ecc8      0x4  Data  Gb  lwip.o [1]
MX_GPIO_Init            0x0800aa11     0x76  Code  Lc  main.o [1]
MX_LWIP_Init            0x0800abf9    0x110  Code  Gb  lwip.o [1]
MX_USB_DEVICE_Init      0x0800ad09     0x34  Code  Gb  usb_device.o [1]
MemManage_Handler       0x0801125d      0x2  Code  Gb  stm32f2xx_it.o [1]
NETMASK_ADDRESS         0x2001eccc      0x4  Data  Gb  lwip.o [1]
NMI_Handler             0x08011259      0x2  Code  Gb  stm32f2xx_it.o [1]
NVIC_EnableIRQ          0x08006b05     0x14  Code  Lc  stm32f2xx_hal_cortex.o [1]
NVIC_EncodePriority     0x08006b3f     0x3e  Code  Lc  stm32f2xx_hal_cortex.o [1]
NVIC_GetPriorityGrouping
                        0x08006afb      0xa  Code  Lc  stm32f2xx_hal_cortex.o [1]
NVIC_SetPriority        0x08006b19     0x26  Code  Lc  stm32f2xx_hal_cortex.o [1]
NVIC_SetPriorityGrouping
                        0x08006add     0x1e  Code  Lc  stm32f2xx_hal_cortex.o [1]
OTG_FS_IRQHandler       0x08011281      0xa  Code  Gb  stm32f2xx_it.o [1]
PCD_WriteEmptyTxFifo    0x08010107     0xbc  Code  Lc  stm32f2xx_hal_pcd.o [1]
PendSV_Handler          0x08009a4d           Code  Gb  portasm.o [1]
Region$$Table$$Base     0x08011398            --   Gb  - Linker created -
Region$$Table$$Limit    0x080113b8            --   Gb  - Linker created -
Rx_Buff                 0x20019dcc   0x17d0  Data  Gb  ethernetif.o [1]
SVC_Handler             0x08009a93           Code  Gb  portasm.o [1]
StartDefaultTask        0x0800aa87     0xc4  Code  Gb  main.o [1]
SysTick_Config          0x08006b7d     0x30  Code  Lc  stm32f2xx_hal_cortex.o [1]
SysTick_Handler         0x08011265      0x8  Code  Gb  stm32f2xx_it.o [1]
SystemClock_Config      0x0800a987     0x8a  Code  Gb  main.o [1]
SystemCoreClock         0x20000004      0x4  Data  Gb  system_stm32f2xx.o [1]
SystemInit              0x080111b9     0x40  Code  Gb  system_stm32f2xx.o [1]
TIM7_IRQHandler         0x0801126d      0xa  Code  Gb  stm32f2xx_it.o [1]
TIM_Base_SetConfig      0x0800a6e7     0xee  Code  Gb  stm32f2xx_hal_tim.o [1]
Tx_Buff                 0x2001b59c   0x17d0  Data  Gb  ethernetif.o [1]
USBD_CDC                0x20000018     0x38  Data  Gb  usbd_cdc.o [1]
USBD_CDC_CfgFSDesc      0x20000094     0x44  Data  Gb  usbd_cdc.o [1]
USBD_CDC_CfgHSDesc      0x20000050     0x44  Data  Gb  usbd_cdc.o [1]
USBD_CDC_DataIn         0x0800be1d     0x1c  Code  Lc  usbd_cdc.o [1]
USBD_CDC_DataOut        0x0800be39     0x38  Code  Lc  usbd_cdc.o [1]
USBD_CDC_DeInit         0x0800bd55     0x44  Code  Lc  usbd_cdc.o [1]
USBD_CDC_DeviceQualifierDesc
                        0x2000000c      0xc  Data  Lc  usbd_cdc.o [1]
USBD_CDC_EP0_RxReady    0x0800be71     0x36  Code  Lc  usbd_cdc.o [1]
USBD_CDC_GetDeviceQualifierDescriptor
                        0x0800bec5      0xa  Code  Gb  usbd_cdc.o [1]
USBD_CDC_GetFSCfgDesc   0x0800bea7      0xa  Code  Lc  usbd_cdc.o [1]
USBD_CDC_GetHSCfgDesc   0x0800beb1      0xa  Code  Lc  usbd_cdc.o [1]
USBD_CDC_GetOtherSpeedCfgDesc
                        0x0800bebb      0xa  Code  Lc  usbd_cdc.o [1]
USBD_CDC_Init           0x0800bca5     0xb0  Code  Lc  usbd_cdc.o [1]
USBD_CDC_OtherSpeedCfgDesc
                        0x200000d8     0x44  Data  Gb  usbd_cdc.o [1]
USBD_CDC_ReceivePacket  0x0800bf1f     0x3e  Code  Gb  usbd_cdc.o [1]
USBD_CDC_RegisterInterface
                        0x0800bee5     0x14  Code  Gb  usbd_cdc.o [1]
USBD_CDC_SetRxBuffer    0x0800bf11      0xe  Code  Gb  usbd_cdc.o [1]
USBD_CDC_SetTxBuffer    0x0800bef9     0x18  Code  Gb  usbd_cdc.o [1]
USBD_CDC_Setup          0x0800bd99     0x84  Code  Lc  usbd_cdc.o [1]
USBD_ClrClassConfig     0x0800b9f1     0x18  Code  Gb  usbd_core.o [1]
USBD_ClrFeature         0x0800cfcb     0x3a  Code  Lc  usbd_ctlreq.o [1]
USBD_CtlContinueRx      0x0800d10d     0x1a  Code  Gb  usbd_ioreq.o [1]
USBD_CtlContinueSendData
                        0x0800d0c7     0x1a  Code  Gb  usbd_ioreq.o [1]
USBD_CtlError           0x0800d02d     0x18  Code  Gb  usbd_ctlreq.o [1]
USBD_CtlPrepareRx       0x0800d0e1     0x2c  Code  Gb  usbd_ioreq.o [1]
USBD_CtlReceiveStatus   0x0800d141     0x1a  Code  Gb  usbd_ioreq.o [1]
USBD_CtlSendData        0x0800d09f     0x28  Code  Gb  usbd_ioreq.o [1]
USBD_CtlSendStatus      0x0800d127     0x1a  Code  Gb  usbd_ioreq.o [1]
USBD_FS_ConfigStrDescriptor
                        0x08011011     0x26  Code  Gb  usbd_desc.o [1]
USBD_FS_DeviceDesc      0x20000148     0x14  Data  Gb  usbd_desc.o [1]
USBD_FS_DeviceDescriptor
                        0x08010f9d      0xa  Code  Gb  usbd_desc.o [1]
USBD_FS_InterfaceStrDescriptor
                        0x08011037     0x26  Code  Gb  usbd_desc.o [1]
USBD_FS_LangIDStrDescriptor
                        0x08010fa7      0xa  Code  Gb  usbd_desc.o [1]
USBD_FS_ManufacturerStrDescriptor
                        0x08010fd7     0x14  Code  Gb  usbd_desc.o [1]
USBD_FS_ProductStrDescriptor
                        0x08010fb1     0x26  Code  Gb  usbd_desc.o [1]
USBD_FS_SerialStrDescriptor
                        0x08010feb     0x26  Code  Gb  usbd_desc.o [1]
USBD_GetConfig          0x0800cf1d     0x4c  Code  Lc  usbd_ctlreq.o [1]
USBD_GetDescriptor      0x0800cc79    0x164  Code  Lc  usbd_ctlreq.o [1]
USBD_GetLen             0x0800d08b     0x14  Code  Lc  usbd_ctlreq.o [1]
USBD_GetStatus          0x0800cf69     0x3c  Code  Lc  usbd_ctlreq.o [1]
USBD_GetString          0x0800d045     0x46  Code  Gb  usbd_ctlreq.o [1]
USBD_Init               0x0800b95f     0x38  Code  Gb  usbd_core.o [1]
USBD_Interface_fops_FS  0x2000011c     0x10  Data  Gb  usbd_cdc_if.o [1]
USBD_LL_ClearStallEP    0x0800c897     0x4c  Code  Gb  usbd_conf.o [1]
USBD_LL_CloseEP         0x0800c7ff     0x4c  Code  Gb  usbd_conf.o [1]
USBD_LL_DataInStage     0x0800bb01     0xe2  Code  Gb  usbd_core.o [1]
USBD_LL_DataOutStage    0x0800ba73     0x8e  Code  Gb  usbd_core.o [1]
USBD_LL_DevConnected    0x0800bc83      0x6  Code  Gb  usbd_core.o [1]
USBD_LL_DevDisconnected
                        0x0800bc89     0x1c  Code  Gb  usbd_core.o [1]
USBD_LL_GetRxDataSize   0x0800ca2b     0x14  Code  Gb  usbd_conf.o [1]
USBD_LL_Init            0x0800c6ad     0x88  Code  Gb  usbd_conf.o [1]
USBD_LL_IsStallEP       0x0800c8e3     0x30  Code  Gb  usbd_conf.o [1]
USBD_LL_IsoINIncomplete
                        0x0800bc77      0x6  Code  Gb  usbd_core.o [1]
USBD_LL_IsoOUTIncomplete
                        0x0800bc7d      0x6  Code  Gb  usbd_core.o [1]
USBD_LL_OpenEP          0x0800c797     0x68  Code  Gb  usbd_conf.o [1]
USBD_LL_PrepareReceive  0x0800c9c5     0x66  Code  Gb  usbd_conf.o [1]
USBD_LL_Reset           0x0800bbe3     0x46  Code  Gb  usbd_core.o [1]
USBD_LL_Resume          0x0800bc45      0xe  Code  Gb  usbd_core.o [1]
USBD_LL_SOF             0x0800bc53     0x24  Code  Gb  usbd_core.o [1]
USBD_LL_SetSpeed        0x0800bc29      0x8  Code  Gb  usbd_core.o [1]
USBD_LL_SetUSBAddress   0x0800c913     0x4c  Code  Gb  usbd_conf.o [1]
USBD_LL_SetupStage      0x0800ba09     0x6a  Code  Gb  usbd_core.o [1]
USBD_LL_StallEP         0x0800c84b     0x4c  Code  Gb  usbd_conf.o [1]
USBD_LL_Start           0x0800c751     0x46  Code  Gb  usbd_conf.o [1]
USBD_LL_Suspend         0x0800bc31     0x14  Code  Gb  usbd_core.o [1]
USBD_LL_Transmit        0x0800c95f     0x66  Code  Gb  usbd_conf.o [1]
USBD_LangIDDesc         0x2000015c      0x4  Data  Gb  usbd_desc.o [1]
USBD_ParseSetupRequest  0x0800d005     0x28  Code  Gb  usbd_ctlreq.o [1]
USBD_RegisterClass      0x0800b997     0x1a  Code  Gb  usbd_core.o [1]
USBD_RunTestMode        0x0800b9bf      0x6  Code  Gb  usbd_core.o [1]
USBD_SetAddress         0x0800cddd     0x60  Code  Lc  usbd_ctlreq.o [1]
USBD_SetClassConfig     0x0800b9c5     0x2c  Code  Gb  usbd_core.o [1]
USBD_SetConfig          0x0800ce3d     0xda  Code  Lc  usbd_ctlreq.o [1]
USBD_SetFeature         0x0800cfa5     0x26  Code  Lc  usbd_ctlreq.o [1]
USBD_Start              0x0800b9b1      0xe  Code  Gb  usbd_core.o [1]
USBD_StdDevReq          0x0800ca41     0x7c  Code  Gb  usbd_ctlreq.o [1]
USBD_StdEPReq           0x0800cb09    0x170  Code  Gb  usbd_ctlreq.o [1]
USBD_StdItfReq          0x0800cabd     0x4c  Code  Gb  usbd_ctlreq.o [1]
USBD_StrDesc            0x2001dcc8    0x200  Data  Gb  usbd_desc.o [1]
USB_ActivateEndpoint    0x0801057d     0xc0  Code  Gb  stm32f2xx_ll_usb.o [1]
USB_ActivateSetup       0x08010ea3     0x44  Code  Gb  stm32f2xx_ll_usb.o [1]
USB_CoreInit            0x08010265     0x6e  Code  Gb  stm32f2xx_ll_usb.o [1]
USB_CoreReset           0x08010f3f     0x38  Code  Lc  stm32f2xx_ll_usb.o [1]
USB_DeactivateEndpoint  0x0801063d     0xa2  Code  Gb  stm32f2xx_ll_usb.o [1]
USB_DevConnect          0x08010dd7     0x1e  Code  Gb  stm32f2xx_ll_usb.o [1]
USB_DevDisconnect       0x08010df5     0x1e  Code  Gb  stm32f2xx_ll_usb.o [1]
USB_DevInit             0x08010325    0x1b0  Code  Gb  stm32f2xx_ll_usb.o [1]
USB_DisableGlobalInt    0x080102e1      0xe  Code  Gb  stm32f2xx_ll_usb.o [1]
USB_EP0StartXfer        0x08010a25    0x1ea  Code  Gb  stm32f2xx_ll_usb.o [1]
USB_EP0_OutStart        0x08010ee7     0x58  Code  Gb  stm32f2xx_ll_usb.o [1]
USB_EPClearStall        0x08010d15     0x96  Code  Gb  stm32f2xx_ll_usb.o [1]
USB_EPSetStall          0x08010c77     0x9e  Code  Gb  stm32f2xx_ll_usb.o [1]
USB_EPStartXfer         0x080106df    0x340  Code  Gb  stm32f2xx_ll_usb.o [1]
USB_EnableGlobalInt     0x080102d3      0xe  Code  Gb  stm32f2xx_ll_usb.o [1]
USB_FlushRxFifo         0x080104f9     0x20  Code  Gb  stm32f2xx_ll_usb.o [1]
USB_FlushTxFifo         0x080104d5     0x24  Code  Gb  stm32f2xx_ll_usb.o [1]
USB_GetDevSpeed         0x0801052f     0x4e  Code  Gb  stm32f2xx_ll_usb.o [1]
USB_GetMode             0x08010e9b      0x8  Code  Gb  stm32f2xx_ll_usb.o [1]
USB_ReadDevAllInEpInterrupt
                        0x08010e37     0x16  Code  Gb  stm32f2xx_ll_usb.o [1]
USB_ReadDevAllOutEpInterrupt
                        0x08010e21     0x16  Code  Gb  stm32f2xx_ll_usb.o [1]
USB_ReadDevInEPInterrupt
                        0x08010e67     0x34  Code  Gb  stm32f2xx_ll_usb.o [1]
USB_ReadDevOutEPInterrupt
                        0x08010e4d     0x1a  Code  Gb  stm32f2xx_ll_usb.o [1]
USB_ReadInterrupts      0x08010e13      0xe  Code  Gb  stm32f2xx_ll_usb.o [1]
USB_ReadPacket          0x08010c4f     0x28  Code  Gb  stm32f2xx_ll_usb.o [1]
USB_SetCurrentMode      0x080102ef     0x36  Code  Gb  stm32f2xx_ll_usb.o [1]
USB_SetDevAddress       0x08010dab     0x2c  Code  Gb  stm32f2xx_ll_usb.o [1]
USB_SetDevSpeed         0x08010519     0x16  Code  Gb  stm32f2xx_ll_usb.o [1]
USB_WritePacket         0x08010c0f     0x40  Code  Gb  stm32f2xx_ll_usb.o [1]
UsageFault_Handler      0x08011261      0x2  Code  Gb  stm32f2xx_it.o [1]
UserRxBufferFS          0x2001edc8      0x4  Data  Gb  usbd_cdc_if.o [1]
UserTxBufferFS          0x2001edcc      0x4  Data  Gb  usbd_cdc_if.o [1]
_Error_Handler          0x0800ab8d      0x2  Code  Gb  main.o [1]
__aeabi_memclr4         0x08005945           Code  Gb  ABImemclr4.o [4]
__aeabi_memset          0x08004c01           Code  Gb  ABImemset.o [4]
__cmain                 0x080113b9           Code  Gb  cmain.o [4]
__data_GetMemChunk      0x08010239     0x2c  Code  Gb  xgetmemchunk.o [3]
__exit                  0x08010f89     0x14  Code  Gb  exit.o [5]
__iar_Memset            0x08004c01           Code  Gb  ABImemset.o [4]
__iar_Memset4_word      0x08008e4d           Code  Gb  ABImemset48.o [4]
__iar_Memset8_word      0x08008e4d           Code  Gb  ABImemset48.o [4]
__iar_Memset_word       0x08004c09           Code  Gb  ABImemset.o [4]
__iar_data_init3        0x08011371     0x28  Code  Gb  data_init.o [4]
__iar_dlfree            0x0800e133    0x510  Code  Gb  dlmalloc.o [3]
__iar_dlmalloc          0x0800de7d    0x2aa  Code  Gb  dlmalloc.o [3]
__iar_lz77_init_single3
                        0x08001b17     0x76  Code  Gb  lz77_init_single.o [4]
__iar_program_start     0x0801159d           Code  Gb  cstartup_M.o [4]
__iar_unaligned___aeabi_memcpy
                        0x08004b89           Code  Gb  ABImemcpy_unaligned.o [4]
__iar_unaligned___aeabi_memcpy4
                        0x08004ba9           Code  Gb  ABImemcpy_unaligned.o [4]
__iar_unaligned___aeabi_memcpy8
                        0x08004ba9           Code  Gb  ABImemcpy_unaligned.o [4]
__iar_unaligned_memcmp  0x0800ab95           Code  Gb  memcmp_unaligned.o [4]
__iar_zero_init3        0x08011299     0x40  Code  Gb  zero_init3.o [4]
__low_level_init        0x080113d3      0x4  Code  Gb  low_level_init.o [3]
__vector_table          0x08000000           Data  Gb  startup_stm32f207xx.o [1]
_call_main              0x080113c5           Code  Gb  cmain.o [4]
_exit                   0x080113dd           Code  Gb  cexit.o [4]
_gm_                    0x2001dec8    0x1d8  Data  Lc  dlmalloc.o [3]
_main                   0x080113cf           Code  Gb  cmain.o [4]
abort                   0x08010231      0x6  Code  Gb  abort.o [3]
accept_function         0x0800e9af    0x114  Code  Lc  api_msg.o [1]
ackno                   0x2001ed9c      0x4  Data  Lc  tcp_in.o [1]
alloc_socket            0x0800ad75     0xc4  Code  Lc  sockets.o [1]
arp_table               0x2001e414     0xf0  Data  Lc  etharp.o [1]
cyclic_timer            0x08004171     0x14  Code  Lc  timeouts.o [1]
defaultTaskHandle       0x2001ecd4      0x4  Data  Gb  main.o [1]
do_memp_free_pool       0x080031eb     0x20  Code  Lc  memp.o [1]
do_memp_malloc_pool     0x0800319d     0x2e  Code  Lc  memp.o [1]
err_tcp                 0x0800e861    0x112  Code  Lc  api_msg.o [1]
err_to_errno            0x0800c505     0x24  Code  Gb  err.o [1]
err_to_errno_table      0x08011214     0x44  Data  Lc  err.o [1]
errno                   0x2001ed38      0x4  Data  Gb  sys_arch.o [1]
etharp_cached_entry     0x2001ede3      0x1  Data  Lc  etharp.o [1]
etharp_cleanup_netif    0x08009ee5     0x42  Code  Gb  etharp.o [1]
etharp_find_entry       0x08009c17    0x1d0  Code  Lc  etharp.o [1]
etharp_free_entry       0x08009ad5     0x42  Code  Lc  etharp.o [1]
etharp_input            0x08009f27    0x13c  Code  Gb  etharp.o [1]
etharp_output           0x0800a12d    0x132  Code  Gb  etharp.o [1]
etharp_output_to_arp_index
                        0x0800a063     0xca  Code  Lc  etharp.o [1]
etharp_query            0x0800a25f    0x1a4  Code  Gb  etharp.o [1]
etharp_raw              0x0800a403     0xc0  Code  Lc  etharp.o [1]
etharp_request          0x0800a4ed     0x12  Code  Gb  etharp.o [1]
etharp_request_dst      0x0800a4c3     0x2a  Code  Lc  etharp.o [1]
etharp_tmr              0x08009b17    0x100  Code  Gb  etharp.o [1]
etharp_update_arp_entry
                        0x08009de7     0xfe  Code  Lc  etharp.o [1]
ethbroadcast            0x080115a8      0x8  Data  Gb  ethernet.o [1]
ethernet_input          0x0800a801     0xd8  Code  Gb  ethernet.o [1]
ethernet_output         0x0800a8dd     0x68  Code  Gb  ethernet.o [1]
ethernetif_init         0x080054c7     0x22  Code  Gb  ethernetif.o [1]
ethernetif_input        0x0800548d     0x3a  Code  Gb  ethernetif.o [1]
ethzero                 0x080115b0      0x8  Data  Gb  ethernet.o [1]
event_callback          0x0800b755    0x1ac  Code  Lc  sockets.o [1]
exit                    0x080113d7      0x4  Code  Gb  exit.o [3]
flags                   0x2001edea      0x1  Data  Lc  tcp_in.o [1]
free_socket             0x0800ae39     0x3e  Code  Lc  sockets.o [1]
get_socket              0x0800ad3d     0x38  Code  Lc  sockets.o [1]
gnetif                  0x2001eba4     0x30  Data  Gb  lwip.o [1]
gw                      0x2001ecc4      0x4  Data  Gb  lwip.o [1]
hUsbDeviceFS            0x2001daa4    0x224  Data  Gb  usb_device.o [1]
heth                    0x2001eaa8     0x48  Data  Gb  ethernetif.o [1]
hpcd_USB_OTG_FS         0x2001d3c0    0x3e8  Data  Gb  usbd_conf.o [1]
htim7                   0x2001eb30     0x40  Data  Gb  stm32f2xx_hal_timebase_TIM.o [1]
icmp_dest_unreach       0x080067f9     0x14  Code  Gb  icmp.o [1]
icmp_input              0x08006645    0x1aa  Code  Gb  icmp.o [1]
icmp_send_response      0x08006821     0x8e  Code  Lc  icmp.o [1]
icmp_time_exceeded      0x0800680d     0x14  Code  Gb  icmp.o [1]
inHandlerMode           0x08005543     0x12  Code  Lc  cmsis_os.o [1]
init_mparams            0x0800d177     0x32  Code  Lc  dlmalloc.o [3]
init_top                0x0800d1a9     0x34  Code  Lc  dlmalloc.o [3]
inseg                   0x2001ec8c     0x10  Data  Lc  tcp_in.o [1]
ip4_addr_isbroadcast_u32
                        0x08001aa1     0x50  Code  Gb  ip4_addr.o [1]
ip4_frag                0x08005f07    0x1f2  Code  Gb  ip4_frag.o [1]
ip4_input               0x08004ce7    0x1f4  Code  Gb  ip4.o [1]
ip4_output_if           0x08004edb     0x4e  Code  Gb  ip4.o [1]
ip4_output_if_src       0x08004f29     0xdc  Code  Gb  ip4.o [1]
ip4_reass               0x08005cd7    0x1fe  Code  Gb  ip4_frag.o [1]
ip4_route               0x08004c69     0x7e  Code  Gb  ip4.o [1]
ip_addr_any             0x080115f0      0x4  Data  Gb  ip4_addr.o [1]
ip_data                 0x2001ebf8     0x18  Data  Gb  ip.o [1]
ip_frag_alloc_pbuf_custom_ref
                        0x08005ed5      0xa  Code  Lc  ip4_frag.o [1]
ip_frag_free_pbuf_custom_ref
                        0x08005edf      0xe  Code  Lc  ip4_frag.o [1]
ip_id                   0x2001edd4      0x2  Data  Lc  ip4.o [1]
ip_reass_chain_frag_into_datagram_and_validate
                        0x08005b75    0x162  Code  Lc  ip4_frag.o [1]
ip_reass_dequeue_datagram
                        0x08005b4d     0x28  Code  Lc  ip4_frag.o [1]
ip_reass_enqueue_new_datagram
                        0x08005ae3     0x6a  Code  Lc  ip4_frag.o [1]
ip_reass_free_complete_datagram
                        0x0800599f     0xa2  Code  Lc  ip4_frag.o [1]
ip_reass_pbufcount      0x2001edd6      0x2  Data  Lc  ip4_frag.o [1]
ip_reass_remove_oldest_datagram
                        0x08005a41     0xa2  Code  Lc  ip4_frag.o [1]
ip_reass_tmr            0x0800596d     0x32  Code  Gb  ip4_frag.o [1]
ipaddr                  0x2001ecbc      0x4  Data  Gb  lwip.o [1]
ipfrag_free_pbuf_custom
                        0x08005eed     0x1a  Code  Lc  ip4_frag.o [1]
lfree                   0x2001ece4      0x4  Data  Lc  mem.o [1]
lock_tcpip_core         0x2001edb4      0x4  Data  Gb  tcpip.o [1]
low_level_init          0x0800510f    0x15a  Code  Lc  ethernetif.o [1]
low_level_input         0x08005365    0x128  Code  Lc  ethernetif.o [1]
low_level_output        0x08005269     0xfc  Code  Lc  ethernetif.o [1]
lwip_accept             0x0800ae77    0x1cc  Code  Gb  sockets.o [1]
lwip_bind               0x0800b043     0xb4  Code  Gb  sockets.o [1]
lwip_close              0x0800b0f7     0x72  Code  Gb  sockets.o [1]
lwip_cyclic_timers      0x080113e8     0x18  Data  Gb  timeouts.o [1]
lwip_htonl              0x08001aff     0x18  Code  Gb  def.o [1]
lwip_htons              0x08001af1      0xe  Code  Gb  def.o [1]
lwip_init               0x0800594b     0x20  Code  Gb  init.o [1]
lwip_listen             0x0800b169     0xa0  Code  Gb  sockets.o [1]
lwip_netconn_do_bind    0x0800f017     0x82  Code  Gb  api_msg.o [1]
lwip_netconn_do_close   0x0800f62b     0xac  Code  Gb  api_msg.o [1]
lwip_netconn_do_close_internal
                        0x0800ecf5    0x224  Code  Lc  api_msg.o [1]
lwip_netconn_do_delconn
                        0x0800ef19     0xfe  Code  Gb  api_msg.o [1]
lwip_netconn_do_getaddr
                        0x0800f551     0xda  Code  Gb  api_msg.o [1]
lwip_netconn_do_listen  0x0800f099    0x110  Code  Gb  api_msg.o [1]
lwip_netconn_do_newconn
                        0x0800eb39     0x3e  Code  Gb  api_msg.o [1]
lwip_netconn_do_recv    0x0800f249     0x68  Code  Gb  api_msg.o [1]
lwip_netconn_do_send    0x0800f1bd     0x8c  Code  Gb  api_msg.o [1]
lwip_netconn_do_write   0x0800f4a3     0xa6  Code  Gb  api_msg.o [1]
lwip_netconn_do_writemore
                        0x0800f2b1    0x1f2  Code  Lc  api_msg.o [1]
lwip_read               0x0800b49f     0x1e  Code  Gb  sockets.o [1]
lwip_recvfrom           0x0800b209    0x296  Code  Gb  sockets.o [1]
lwip_send               0x0800b4bd     0xaa  Code  Gb  sockets.o [1]
lwip_sendto             0x0800b567    0x12a  Code  Gb  sockets.o [1]
lwip_socket             0x0800b699     0xa4  Code  Gb  sockets.o [1]
lwip_sys_mutex          0x2001ed3c      0x4  Data  Gb  sys_arch.o [1]
lwip_write              0x0800b73d     0x16  Code  Gb  sockets.o [1]
main                    0x0800a945     0x42  Code  Gb  main.o [1]
makeFreeRtosPriority    0x08005531     0x12  Code  Lc  cmsis_os.o [1]
mbox                    0x2001edb0      0x4  Data  Lc  tcpip.o [1]
mem_free                0x080048a9     0x50  Code  Gb  mem.o [1]
mem_init                0x0800484f     0x5a  Code  Gb  mem.o [1]
mem_malloc              0x08004a5b    0x118  Code  Gb  mem.o [1]
mem_mutex               0x2001ece8      0x4  Data  Lc  mem.o [1]
mem_trim                0x080048f9    0x162  Code  Gb  mem.o [1]
memp_FRAG_PBUF          0x08011530      0xc  Data  Gb  memp.o [1]
memp_NETBUF             0x0801153c      0xc  Data  Gb  memp.o [1]
memp_NETCONN            0x08011548      0xc  Data  Gb  memp.o [1]
memp_PBUF               0x08011578      0xc  Data  Gb  memp.o [1]
memp_PBUF_POOL          0x08011584      0xc  Data  Gb  memp.o [1]
memp_REASSDATA          0x08011524      0xc  Data  Gb  memp.o [1]
memp_SYS_TIMEOUT        0x0801156c      0xc  Data  Gb  memp.o [1]
memp_TCPIP_MSG_API      0x08011554      0xc  Data  Gb  memp.o [1]
memp_TCPIP_MSG_INPKT    0x08011560      0xc  Data  Gb  memp.o [1]
memp_TCP_PCB            0x08011500      0xc  Data  Gb  memp.o [1]
memp_TCP_PCB_LISTEN     0x0801150c      0xc  Data  Gb  memp.o [1]
memp_TCP_SEG            0x08011518      0xc  Data  Gb  memp.o [1]
memp_UDP_PCB            0x080114f4      0xc  Data  Gb  memp.o [1]
memp_free               0x0800320b     0x20  Code  Gb  memp.o [1]
memp_init               0x0800317f     0x1e  Code  Gb  memp.o [1]
memp_init_pool          0x0800314d     0x32  Code  Gb  memp.o [1]
memp_malloc             0x080031cb     0x20  Code  Gb  memp.o [1]
memp_memory_FRAG_PBUF_base
                        0x2001e0a0    0x16c  Data  Gb  memp.o [1]
memp_memory_NETBUF_base
                        0x2001ebd4     0x24  Data  Gb  memp.o [1]
memp_memory_NETCONN_base
                        0x2001e5e8     0xb4  Data  Gb  memp.o [1]
memp_memory_PBUF_POOL_base
                        0x200177c8   0x2604  Data  Gb  memp.o [1]
memp_memory_PBUF_base   0x2001e310    0x104  Data  Gb  memp.o [1]
memp_memory_REASSDATA_base
                        0x2001e69c     0xa4  Data  Gb  memp.o [1]
memp_memory_SYS_TIMEOUT_base
                        0x2001eb70     0x34  Data  Gb  memp.o [1]
memp_memory_TCPIP_MSG_API_base
                        0x2001e850     0x84  Data  Gb  memp.o [1]
memp_memory_TCPIP_MSG_INPKT_base
                        0x2001e8d4     0x84  Data  Gb  memp.o [1]
memp_memory_TCP_PCB_LISTEN_base
                        0x2001e504     0xe4  Data  Gb  memp.o [1]
memp_memory_TCP_PCB_base
                        0x2001d7a8    0x2fc  Data  Gb  memp.o [1]
memp_memory_TCP_SEG_base
                        0x2001e20c    0x104  Data  Gb  memp.o [1]
memp_memory_UDP_PCB_base
                        0x2001e7cc     0x84  Data  Gb  memp.o [1]
memp_pools              0x080112d8     0x34  Data  Gb  memp.o [1]
memp_tab_FRAG_PBUF      0x2001ed00      0x4  Data  Lc  memp.o [1]
memp_tab_NETBUF         0x2001ed04      0x4  Data  Lc  memp.o [1]
memp_tab_NETCONN        0x2001ed08      0x4  Data  Lc  memp.o [1]
memp_tab_PBUF           0x2001ed18      0x4  Data  Lc  memp.o [1]
memp_tab_PBUF_POOL      0x2001ed1c      0x4  Data  Lc  memp.o [1]
memp_tab_REASSDATA      0x2001ecfc      0x4  Data  Lc  memp.o [1]
memp_tab_SYS_TIMEOUT    0x2001ed14      0x4  Data  Lc  memp.o [1]
memp_tab_TCPIP_MSG_API  0x2001ed0c      0x4  Data  Lc  memp.o [1]
memp_tab_TCPIP_MSG_INPKT
                        0x2001ed10      0x4  Data  Lc  memp.o [1]
memp_tab_TCP_PCB        0x2001ecf0      0x4  Data  Lc  memp.o [1]
memp_tab_TCP_PCB_LISTEN
                        0x2001ecf4      0x4  Data  Lc  memp.o [1]
memp_tab_TCP_SEG        0x2001ecf8      0x4  Data  Lc  memp.o [1]
memp_tab_UDP_PCB        0x2001ecec      0x4  Data  Lc  memp.o [1]
mparams                 0x2001ec10     0x18  Data  Lc  dlmalloc.o [3]
netbuf_delete           0x0800bf5d     0x26  Code  Gb  netbuf.o [1]
netbuf_free             0x0800bf83     0x1e  Code  Gb  netbuf.o [1]
netbuf_ref              0x0800bfa1     0x52  Code  Gb  netbuf.o [1]
netconn_aborted         0x2001ede2      0x1  Data  Gb  api_msg.o [1]
netconn_accept          0x0800c179     0xa8  Code  Gb  api_lib.o [1]
netconn_alloc           0x0800eb77     0x94  Code  Gb  api_msg.o [1]
netconn_apimsg          0x0800bff5     0x28  Code  Lc  api_lib.o [1]
netconn_bind            0x0800c117     0x3a  Code  Gb  api_lib.o [1]
netconn_close_shutdown  0x0800c4a7     0x30  Code  Lc  api_lib.o [1]
netconn_delete          0x0800c091     0x3a  Code  Gb  api_lib.o [1]
netconn_drain           0x0800ec39     0xbc  Code  Lc  api_msg.o [1]
netconn_free            0x0800ec0b     0x2e  Code  Gb  api_msg.o [1]
netconn_getaddr         0x0800c0cb     0x4c  Code  Gb  api_lib.o [1]
netconn_listen_with_backlog
                        0x0800c151     0x28  Code  Gb  api_lib.o [1]
netconn_new_with_proto_and_callback
                        0x0800c01d     0x74  Code  Gb  api_lib.o [1]
netconn_recv            0x0800c35d     0x7e  Code  Gb  api_lib.o [1]
netconn_recv_data       0x0800c221    0x118  Code  Lc  api_lib.o [1]
netconn_recv_tcp_pbuf   0x0800c339     0x24  Code  Gb  api_lib.o [1]
netconn_send            0x0800c3db     0x28  Code  Gb  api_lib.o [1]
netconn_write_partly    0x0800c403     0xa4  Code  Gb  api_lib.o [1]
netif_add               0x08008e83     0x72  Code  Gb  netif.o [1]
netif_default           0x2001ed24      0x4  Data  Gb  netif.o [1]
netif_init              0x08008e81      0x2  Code  Gb  netif.o [1]
netif_issue_reports     0x08008fdf     0x22  Code  Lc  netif.o [1]
netif_list              0x2001ed20      0x4  Data  Gb  netif.o [1]
netif_num               0x2001ede4      0x1  Data  Lc  netif.o [1]
netif_set_addr          0x08008ef5     0x48  Code  Gb  netif.o [1]
netif_set_default       0x08008f9d      0x6  Code  Gb  netif.o [1]
netif_set_down          0x08009001     0x28  Code  Gb  netif.o [1]
netif_set_gw            0x08008f81      0xe  Code  Gb  netif.o [1]
netif_set_ipaddr        0x08008f3d     0x44  Code  Gb  netif.o [1]
netif_set_netmask       0x08008f8f      0xe  Code  Gb  netif.o [1]
netif_set_up            0x08008fb5     0x2a  Code  Gb  netif.o [1]
netmask                 0x2001ecc0      0x4  Data  Gb  lwip.o [1]
next_timeout            0x2001edb8      0x4  Data  Lc  timeouts.o [1]
osDelay                 0x080055a3     0x1c  Code  Gb  cmsis_os.o [1]
osKernelStart           0x08005555      0xa  Code  Gb  cmsis_os.o [1]
osKernelSysTick         0x0800555f     0x16  Code  Gb  cmsis_os.o [1]
osMessageCreate         0x080057c7     0x12  Code  Gb  cmsis_os.o [1]
osMessageDelete         0x08005929     0x1a  Code  Gb  cmsis_os.o [1]
osMessageGet            0x0800583f     0xb8  Code  Gb  cmsis_os.o [1]
osMessagePut            0x080057d9     0x66  Code  Gb  cmsis_os.o [1]
osMessageWaiting        0x0800590d     0x1c  Code  Gb  cmsis_os.o [1]
osMutexCreate           0x080055bf      0xc  Code  Gb  cmsis_os.o [1]
osMutexRelease          0x08005651     0x54  Code  Gb  cmsis_os.o [1]
osMutexWait             0x080055cb     0x86  Code  Gb  cmsis_os.o [1]
osSemaphoreCreate       0x080056a5     0x2e  Code  Gb  cmsis_os.o [1]
osSemaphoreDelete       0x080057ad     0x1a  Code  Gb  cmsis_os.o [1]
osSemaphoreRelease      0x08005759     0x54  Code  Gb  cmsis_os.o [1]
osSemaphoreWait         0x080056d3     0x86  Code  Gb  cmsis_os.o [1]
osSystickHandler        0x080058f7     0x10  Code  Gb  cmsis_os.o [1]
osThreadCreate          0x08005575     0x2e  Code  Gb  cmsis_os.o [1]
os_mutex_def_lwip_sys_mutex
                        0x08011600      0x4  Data  Gb  sys_arch.o [1]
pbuf_alloc              0x08001c1d    0x1a6  Code  Gb  pbuf.o [1]
pbuf_alloced_custom     0x08001dc3     0x84  Code  Gb  pbuf.o [1]
pbuf_cat                0x0800204f     0x2e  Code  Gb  pbuf.o [1]
pbuf_chain              0x0800207d     0x16  Code  Gb  pbuf.o [1]
pbuf_clen               0x0800201f     0x14  Code  Gb  pbuf.o [1]
pbuf_copy               0x08002093     0xd2  Code  Gb  pbuf.o [1]
pbuf_copy_partial       0x08002165     0xae  Code  Gb  pbuf.o [1]
pbuf_free               0x08001f93     0x8c  Code  Gb  pbuf.o [1]
pbuf_free_ooseq         0x08001b8d     0x36  Code  Lc  pbuf.o [1]
pbuf_free_ooseq_callback
                        0x08001bc3      0xa  Code  Lc  pbuf.o [1]
pbuf_free_ooseq_pending
                        0x2001ede5      0x1  Data  Gb  pbuf.o [1]
pbuf_header             0x08001f6b     0x14  Code  Gb  pbuf.o [1]
pbuf_header_force       0x08001f7f     0x14  Code  Gb  pbuf.o [1]
pbuf_header_impl        0x08001eb9     0xb2  Code  Lc  pbuf.o [1]
pbuf_pool_is_empty      0x08001bcd     0x42  Code  Lc  pbuf.o [1]
pbuf_realloc            0x08001e47     0x72  Code  Gb  pbuf.o [1]
pbuf_ref                0x08002033     0x1c  Code  Gb  pbuf.o [1]
pcInterruptPriorityRegisters
                        0x080115f4      0x4  Data  Lc  port.o [1]
pcb_new                 0x0800eac3     0x76  Code  Lc  api_msg.o [1]
plug_holes              0x080047c5     0x8a  Code  Lc  mem.o [1]
poll_tcp                0x0800e77f     0x7c  Code  Lc  api_msg.o [1]
prepend_alloc           0x0800d1dd    0x36c  Code  Lc  dlmalloc.o [3]
prvAddCurrentTaskToDelayedList
                        0x080081f1     0x82  Code  Lc  tasks.o [1]
prvAddNewTaskToReadyList
                        0x08007925     0xb8  Code  Lc  tasks.o [1]
prvCheckTasksWaitingTermination
                        0x08007f6d     0x66  Code  Lc  tasks.o [1]
prvCopyDataFromQueue    0x08008b37     0x30  Code  Lc  queue.o [1]
prvCopyDataToQueue      0x08008a9d     0x9a  Code  Lc  queue.o [1]
prvDeleteTCB            0x08007fd3     0x12  Code  Lc  tasks.o [1]
prvHeapInit             0x080098bd     0x6c  Code  Lc  heap_4.o [1]
prvIdleTask             0x08007ee9     0x24  Code  Lc  tasks.o [1]
prvInitialiseMutex      0x080083d7     0x22  Code  Lc  queue.o [1]
prvInitialiseNewQueue   0x080083a5     0x32  Code  Lc  queue.o [1]
prvInitialiseNewTask    0x0800785d     0xc8  Code  Lc  tasks.o [1]
prvInitialiseTaskLists  0x08007f11     0x54  Code  Lc  tasks.o [1]
prvInsertBlockIntoFreeList
                        0x08009929     0x62  Code  Lc  heap_4.o [1]
prvIsQueueEmpty         0x08008bd5     0x20  Code  Lc  queue.o [1]
prvIsQueueFull          0x08008bf5     0x22  Code  Lc  queue.o [1]
prvResetNextTaskUnblockTime
                        0x08007fe5     0x2e  Code  Lc  tasks.o [1]
prvTaskExitError        0x08008c71     0x2a  Code  Lc  port.o [1]
prvUnlockQueue          0x08008b67     0x6e  Code  Lc  queue.o [1]
pvPortMalloc            0x0800972d    0x118  Code  Gb  heap_4.o [1]
pvTaskIncrementMutexHeldCount
                        0x080081ab     0x1e  Code  Gb  tasks.o [1]
pxCurrentTCB            0x2001ed40      0x4  Data  Gb  tasks.o [1]
pxDelayedTaskList       0x2001ed44      0x4  Data  Lc  tasks.o [1]
pxEnd                   0x2001eca8      0x4  Data  Lc  heap_4.o [1]
pxOverflowDelayedTaskList
                        0x2001ed48      0x4  Data  Lc  tasks.o [1]
pxPortInitialiseStack   0x08008c51     0x20  Code  Gb  port.o [1]
pxReadyTasksLists       0x2001e740     0x8c  Data  Lc  tasks.o [1]
ram                     0x2001ecdc      0x4  Data  Lc  mem.o [1]
ram_end                 0x2001ece0      0x4  Data  Lc  mem.o [1]
ram_heap                0x2001cd6c    0x654  Data  Gb  mem.o [1]
reassdatagrams          0x2001ecb8      0x4  Data  Lc  ip4_frag.o [1]
recv_acked              0x2001edde      0x2  Data  Lc  tcp_in.o [1]
recv_data               0x2001eda0      0x4  Data  Lc  tcp_in.o [1]
recv_flags              0x2001edeb      0x1  Data  Lc  tcp_in.o [1]
recv_tcp                0x0800e6df     0xa0  Code  Lc  api_msg.o [1]
recv_udp                0x0800e64d     0x92  Code  Lc  api_msg.o [1]
s_xSemaphore            0x2001eca4      0x4  Data  Gb  ethernetif.o [1]
segment_holding         0x0800d15d     0x1a  Code  Lc  dlmalloc.o [3]
select_cb_ctr           0x2001ed30      0x4  Data  Lc  sockets.o [1]
select_cb_list          0x2001ed2c      0x4  Data  Lc  sockets.o [1]
sent_tcp                0x0800e7fb     0x66  Code  Lc  api_msg.o [1]
seqno                   0x2001ed98      0x4  Data  Lc  tcp_in.o [1]
setup_tcp               0x0800e973     0x3c  Code  Lc  api_msg.o [1]
sockets                 0x2001ea58     0x50  Data  Lc  sockets.o [1]
strcat                  0x0800b90d     0x1c  Code  Gb  strcat.o [3]
strlen                  0x0800b929           Code  Gb  strlen.o [4]
sys_alloc               0x0800d549    0x386  Code  Lc  dlmalloc.o [3]
sys_arch_mbox_fetch     0x08004427     0x4c  Code  Gb  sys_arch.o [1]
sys_arch_mbox_tryfetch  0x08004473     0x24  Code  Gb  sys_arch.o [1]
sys_arch_protect        0x080045d1     0x12  Code  Gb  sys_arch.o [1]
sys_arch_sem_wait       0x080044e1     0x40  Code  Gb  sys_arch.o [1]
sys_arch_unprotect      0x080045e3      0xe  Code  Gb  sys_arch.o [1]
sys_check_timeouts      0x08004293     0x7e  Code  Lc  timeouts.o [1]
sys_init                0x0800454f      0xe  Code  Gb  sys_arch.o [1]
sys_mbox_free           0x080043d7     0x12  Code  Gb  sys_arch.o [1]
sys_mbox_new            0x080043a9     0x2e  Code  Gb  sys_arch.o [1]
sys_mbox_post           0x080043e9     0x18  Code  Gb  sys_arch.o [1]
sys_mbox_set_invalid    0x080044a7      0x6  Code  Gb  sys_arch.o [1]
sys_mbox_trypost        0x08004401     0x26  Code  Gb  sys_arch.o [1]
sys_mbox_valid          0x08004497     0x10  Code  Gb  sys_arch.o [1]
sys_mutex_lock          0x08004581     0x10  Code  Gb  sys_arch.o [1]
sys_mutex_new           0x0800455d     0x24  Code  Gb  sys_arch.o [1]
sys_mutex_unlock        0x08004591      0xc  Code  Gb  sys_arch.o [1]
sys_now                 0x08005529      0x8  Code  Gb  ethernetif.o [1]
sys_sem_free            0x0800452d      0xc  Code  Gb  sys_arch.o [1]
sys_sem_new             0x080044ad     0x34  Code  Gb  sys_arch.o [1]
sys_sem_set_invalid     0x08004549      0x6  Code  Gb  sys_arch.o [1]
sys_sem_signal          0x08004521      0xc  Code  Gb  sys_arch.o [1]
sys_sem_valid           0x08004539     0x10  Code  Gb  sys_arch.o [1]
sys_thread_new          0x0800459d     0x34  Code  Gb  sys_arch.o [1]
sys_timeout             0x080041af     0xe4  Code  Gb  timeouts.o [1]
sys_timeouts_init       0x08004185     0x2a  Code  Gb  timeouts.o [1]
sys_timeouts_mbox_fetch
                        0x08004345     0x3c  Code  Gb  timeouts.o [1]
sys_timeouts_sleeptime  0x08004311     0x34  Code  Lc  timeouts.o [1]
tcp_abandon             0x080024bf     0xf8  Code  Gb  tcp.o [1]
tcp_abort               0x080025b7      0xe  Code  Gb  tcp.o [1]
tcp_accept              0x08002f71      0xe  Code  Gb  tcp.o [1]
tcp_accept_null         0x08002695     0x14  Code  Lc  tcp.o [1]
tcp_active_pcbs         0x2001ed88      0x4  Data  Gb  tcp.o [1]
tcp_active_pcbs_changed
                        0x2001ede7      0x1  Data  Gb  tcp.o [1]
tcp_alloc               0x08002e79     0xca  Code  Gb  tcp.o [1]
tcp_arg                 0x08002f4d      0x8  Code  Gb  tcp.o [1]
tcp_backoff             0x08011488     0x10  Data  Lc  tcp.o [1]
tcp_bind                0x080025c5     0xd0  Code  Gb  tcp.o [1]
tcp_bound_pcbs          0x2001ed80      0x4  Data  Gb  tcp.o [1]
tcp_close               0x0800243d     0x1c  Code  Gb  tcp.o [1]
tcp_close_shutdown      0x08002273    0x1ca  Code  Lc  tcp.o [1]
tcp_create_segment      0x08003307     0xd6  Code  Lc  tcp_out.o [1]
tcp_eff_send_mss_impl   0x08003055     0x42  Code  Gb  tcp.o [1]
tcp_enqueue_flags       0x08003959    0x108  Code  Gb  tcp_out.o [1]
tcp_err                 0x08002f67      0xa  Code  Gb  tcp.o [1]
tcp_fasttmr             0x08002bd5     0x76  Code  Gb  tcp.o [1]
tcp_getoptbyte          0x0800197f     0x48  Code  Lc  tcp_in.o [1]
tcp_init                0x08002215      0x2  Code  Gb  tcp.o [1]
tcp_input               0x08000185    0x574  Code  Gb  tcp_in.o [1]
tcp_input_pcb           0x2001eda4      0x4  Data  Gb  tcp_in.o [1]
tcp_keepalive           0x08003fb9     0x5c  Code  Gb  tcp_out.o [1]
tcp_kill_prio           0x08002d73     0x62  Code  Lc  tcp.o [1]
tcp_kill_state          0x08002de1     0x4a  Code  Lc  tcp.o [1]
tcp_kill_timewait       0x08002e31     0x3c  Code  Lc  tcp.o [1]
tcp_listen_closed       0x08002251     0x22  Code  Lc  tcp.o [1]
tcp_listen_input        0x080006f9    0x13a  Code  Lc  tcp_in.o [1]
tcp_listen_pcbs         0x2001ed84      0x4  Data  Gb  tcp.o [1]
tcp_listen_with_backlog
                        0x080026a9     0xae  Code  Gb  tcp.o [1]
tcp_netif_ip_addr_changed
                        0x080030bd     0x4e  Code  Gb  tcp.o [1]
tcp_netif_ip_addr_changed_pcblist
                        0x08003097     0x26  Code  Lc  tcp.o [1]
tcp_new                 0x08002f43      0xa  Code  Gb  tcp.o [1]
tcp_new_port            0x080027f3     0x70  Code  Lc  tcp.o [1]
tcp_next_iss            0x0800303d     0x14  Code  Gb  tcp.o [1]
tcp_oos_insert_segment  0x08000e4d     0x8e  Code  Lc  tcp_in.o [1]
tcp_optidx              0x2001eddc      0x2  Data  Lc  tcp_in.o [1]
tcp_output              0x08003aed    0x23e  Code  Gb  tcp_out.o [1]
tcp_output_alloc_header
                        0x08003231     0x8a  Code  Lc  tcp_out.o [1]
tcp_output_segment      0x08003d2b     0xd2  Code  Lc  tcp_out.o [1]
tcp_parseopt            0x080019c7     0x96  Code  Lc  tcp_in.o [1]
tcp_pbuf_prealloc       0x080033dd     0xa2  Code  Lc  tcp_out.o [1]
tcp_pcb_lists           0x08011498     0x10  Data  Gb  tcp.o [1]
tcp_pcb_purge           0x08002f87     0x52  Code  Gb  tcp.o [1]
tcp_pcb_remove          0x08002fd9     0x64  Code  Gb  tcp.o [1]
tcp_persist_backoff     0x080115e0      0x8  Data  Lc  tcp.o [1]
tcp_poll                0x08002f7f      0x8  Code  Gb  tcp.o [1]
tcp_port                0x20000160      0x2  Data  Lc  tcp.o [1]
tcp_process             0x080008cd    0x57a  Code  Lc  tcp_in.o [1]
tcp_process_refused_data
                        0x08002c51     0x94  Code  Gb  tcp.o [1]
tcp_receive             0x08000f2d    0xa52  Code  Lc  tcp_in.o [1]
tcp_recv                0x08002f55      0xa  Code  Gb  tcp.o [1]
tcp_recv_null           0x08002d43     0x30  Code  Gb  tcp.o [1]
tcp_recved              0x0800279f     0x54  Code  Gb  tcp.o [1]
tcp_remove_listener     0x0800223b     0x16  Code  Lc  tcp.o [1]
tcp_rexmit              0x08003ee7     0x5e  Code  Gb  tcp_out.o [1]
tcp_rexmit_fast         0x08003f45     0x74  Code  Gb  tcp_out.o [1]
tcp_rexmit_rto          0x08003ead     0x3a  Code  Gb  tcp_out.o [1]
tcp_rst                 0x08003e05     0xa8  Code  Gb  tcp_out.o [1]
tcp_seg_copy            0x08002d19     0x2a  Code  Gb  tcp.o [1]
tcp_seg_free            0x08002cfb     0x1e  Code  Gb  tcp.o [1]
tcp_segs_free           0x08002ce5     0x16  Code  Gb  tcp.o [1]
tcp_send_empty_ack      0x08003a61     0x8c  Code  Gb  tcp_out.o [1]
tcp_send_fin            0x080032bb     0x4c  Code  Gb  tcp_out.o [1]
tcp_sent                0x08002f5f      0x8  Code  Gb  tcp.o [1]
tcp_shutdown            0x08002459     0x66  Code  Gb  tcp.o [1]
tcp_slowtmr             0x08002863    0x372  Code  Gb  tcp.o [1]
tcp_ticks               0x2001ed7c      0x4  Data  Gb  tcp.o [1]
tcp_timer               0x2001ede8      0x1  Data  Lc  tcp.o [1]
tcp_timer_ctr           0x2001ede9      0x1  Data  Lc  tcp.o [1]
tcp_timer_needed        0x08004145     0x2c  Code  Gb  timeouts.o [1]
tcp_timewait_input      0x08000833     0x9a  Code  Lc  tcp_in.o [1]
tcp_tmr                 0x08002217     0x24  Code  Gb  tcp.o [1]
tcp_trigger_input_pcb_close
                        0x08001a5d      0xe  Code  Gb  tcp_in.o [1]
tcp_tw_pcbs             0x2001ed8c      0x4  Data  Gb  tcp.o [1]
tcp_update_rcv_ann_wnd  0x08002757     0x48  Code  Gb  tcp.o [1]
tcp_write               0x080034ef    0x46a  Code  Gb  tcp_out.o [1]
tcp_write_checks        0x0800347f     0x70  Code  Lc  tcp_out.o [1]
tcp_zero_window_probe   0x08004015    0x102  Code  Gb  tcp_out.o [1]
tcphdr                  0x2001ed90      0x4  Data  Lc  tcp_in.o [1]
tcphdr_opt1len          0x2001edda      0x2  Data  Lc  tcp_in.o [1]
tcphdr_opt2             0x2001ed94      0x4  Data  Lc  tcp_in.o [1]
tcphdr_optlen           0x2001edd8      0x2  Data  Lc  tcp_in.o [1]
tcpip_callback_with_block
                        0x080046f9     0x56  Code  Gb  tcpip.o [1]
tcpip_init              0x0800476b     0x38  Code  Gb  tcpip.o [1]
tcpip_init_done         0x2001eda8      0x4  Data  Lc  tcpip.o [1]
tcpip_init_done_arg     0x2001edac      0x4  Data  Lc  tcpip.o [1]
tcpip_inpkt             0x08004689     0x48  Code  Gb  tcpip.o [1]
tcpip_input             0x080046d1     0x28  Code  Gb  tcpip.o [1]
tcpip_send_msg_wait_sem
                        0x0800474f     0x1c  Code  Gb  tcpip.o [1]
tcpip_tcp_timer         0x08004119     0x2c  Code  Lc  timeouts.o [1]
tcpip_tcp_timer_active  0x2001edc0      0x4  Data  Lc  timeouts.o [1]
tcpip_thread            0x08004605     0x84  Code  Lc  tcpip.o [1]
tcplen                  0x2001ede0      0x2  Data  Lc  tcp_in.o [1]
timeouts_last_time      0x2001edbc      0x4  Data  Lc  timeouts.o [1]
tmalloc_large           0x0800d8dd    0x390  Code  Lc  dlmalloc.o [3]
tmalloc_small           0x0800dc6d    0x210  Code  Lc  dlmalloc.o [3]
ucHeap                  0x20005168  0x12660  Data  Lc  heap_4.o [1]
ucMaxSysCallPriority    0x2001ede6      0x1  Data  Lc  port.o [1]
udp_bind                0x080064e9     0xa4  Code  Gb  udp.o [1]
udp_init                0x08006105      0x2  Code  Gb  udp.o [1]
udp_input               0x080061bb    0x176  Code  Gb  udp.o [1]
udp_input_local_match   0x08006163     0x58  Code  Lc  udp.o [1]
udp_netif_ip_addr_changed
                        0x080065f9     0x34  Code  Gb  udp.o [1]
udp_new                 0x080065d5     0x24  Code  Gb  udp.o [1]
udp_new_port            0x08006107     0x5c  Code  Lc  udp.o [1]
udp_pcbs                0x2001edc4      0x4  Data  Gb  udp.o [1]
udp_port                0x20000162      0x2  Data  Lc  udp.o [1]
udp_recv                0x0800658d      0x6  Code  Gb  udp.o [1]
udp_remove              0x08006593     0x42  Code  Gb  udp.o [1]
udp_send                0x08006331     0x1e  Code  Gb  udp.o [1]
udp_sendto              0x0800634f     0x46  Code  Gb  udp.o [1]
udp_sendto_if           0x08006395     0x68  Code  Gb  udp.o [1]
udp_sendto_if_src       0x080063fd     0xec  Code  Gb  udp.o [1]
ulMaxPRIGROUPValue      0x2001ed28      0x4  Data  Lc  port.o [1]
uwTick                  0x2001ed34      0x4  Data  Gb  stm32f2xx_hal.o [1]
uxCriticalNesting       0x20000000      0x4  Data  Lc  port.o [1]
uxCurrentNumberOfTasks  0x2001ed50      0x4  Data  Lc  tasks.o [1]
uxDeletedTasksWaitingCleanUp
                        0x2001ed4c      0x4  Data  Lc  tasks.o [1]
uxListRemove            0x08009a23     0x28  Code  Gb  list.o [1]
uxPendedTicks           0x2001ed60      0x4  Data  Lc  tasks.o [1]
uxQueueMessagesWaiting  0x08008a31     0x28  Code  Gb  queue.o [1]
uxQueueMessagesWaitingFromISR
                        0x08008a59     0x1c  Code  Gb  queue.o [1]
uxSchedulerSuspended    0x2001ed78      0x4  Data  Lc  tasks.o [1]
uxTaskNumber            0x2001ed6c      0x4  Data  Lc  tasks.o [1]
uxTopReadyPriority      0x2001ed58      0x4  Data  Lc  tasks.o [1]
vListInitialise         0x080099ad     0x1e  Code  Gb  list.o [1]
vListInitialiseItem     0x080099cb      0x6  Code  Gb  list.o [1]
vListInsert             0x080099e9     0x3a  Code  Gb  list.o [1]
vListInsertEnd          0x080099d1     0x18  Code  Gb  list.o [1]
vPortEnterCritical      0x08008d23     0x3a  Code  Gb  port.o [1]
vPortExitCritical       0x08008d5d     0x32  Code  Gb  port.o [1]
vPortFree               0x08009845     0x78  Code  Gb  heap_4.o [1]
vPortSetupTimerInterrupt
                        0x08008db7     0x1a  Code  Wk  port.o [1]
vPortStartFirstTask     0x08009ab3           Code  Gb  portasm.o [1]
vPortValidateInterruptPriority
                        0x08008dd1     0x4e  Code  Gb  port.o [1]
vQueueDelete            0x08008a75     0x28  Code  Gb  queue.o [1]
vQueueUnregisterQueue   0x08008c17     0x2e  Code  Gb  queue.o [1]
vTaskDelay              0x080079dd     0x4e  Code  Gb  tasks.o [1]
vTaskMissedYield        0x08007ed3      0xa  Code  Gb  tasks.o [1]
vTaskPlaceOnEventList   0x08007d67     0x34  Code  Gb  tasks.o [1]
vTaskPriorityInherit    0x0800803f     0xac  Code  Gb  tasks.o [1]
vTaskSetTimeOutState    0x08007e1f     0x26  Code  Gb  tasks.o [1]
vTaskStartScheduler     0x08007a2b     0x68  Code  Gb  tasks.o [1]
vTaskSuspendAll         0x08007a93     0x10  Code  Gb  tasks.o [1]
vTaskSwitchContext      0x08007cf5     0x72  Code  Gb  tasks.o [1]
viFunct                 0x0800ab4b      0xc  Code  Gb  main.o [1]
viTaskHandle            0x2001ecd8      0x4  Data  Gb  main.o [1]
xBlockAllocatedBit      0x2001ecb4      0x4  Data  Lc  heap_4.o [1]
xDelayedTaskList1       0x2001ec28     0x14  Data  Lc  tasks.o [1]
xDelayedTaskList2       0x2001ec3c     0x14  Data  Lc  tasks.o [1]
xFreeBytesRemaining     0x2001ecac      0x4  Data  Lc  heap_4.o [1]
xHeapStructSize         0x080115ec      0x4  Data  Lc  heap_4.o [1]
xIdleTaskHandle         0x2001ed74      0x4  Data  Lc  tasks.o [1]
xMinimumEverFreeBytesRemaining
                        0x2001ecb0      0x4  Data  Lc  heap_4.o [1]
xNextTaskUnblockTime    0x2001ed70      0x4  Data  Lc  tasks.o [1]
xNumOfOverflows         0x2001ed68      0x4  Data  Lc  tasks.o [1]
xPendingReadyList       0x2001ec50     0x14  Data  Lc  tasks.o [1]
xPortStartScheduler     0x08008c9b     0x88  Code  Gb  port.o [1]
xPortSysTickHandler     0x08008d8f     0x28  Code  Gb  port.o [1]
xQueueCreateMutex       0x080083f9     0x20  Code  Gb  queue.o [1]
xQueueGenericCreate     0x0800834d     0x58  Code  Gb  queue.o [1]
xQueueGenericReceive    0x08008791    0x1dc  Code  Gb  queue.o [1]
xQueueGenericReset      0x080082b9     0x94  Code  Gb  queue.o [1]
xQueueGenericSend       0x08008419    0x1b2  Code  Gb  queue.o [1]
xQueueGenericSendFromISR
                        0x080085cb     0xee  Code  Gb  queue.o [1]
xQueueGiveFromISR       0x080086b9     0xd8  Code  Gb  queue.o [1]
xQueueReceiveFromISR    0x0800896d     0xc4  Code  Gb  queue.o [1]
xQueueRegistry          0x2001eaf0     0x40  Data  Gb  queue.o [1]
xSchedulerRunning       0x2001ed5c      0x4  Data  Lc  tasks.o [1]
xStart                  0x2001ec9c      0x8  Data  Lc  heap_4.o [1]
xSuspendedTaskList      0x2001ec78     0x14  Data  Lc  tasks.o [1]
xTaskCheckForTimeOut    0x08007e49     0x8a  Code  Gb  tasks.o [1]
xTaskCreate             0x080077d9     0x84  Code  Gb  tasks.o [1]
xTaskGetSchedulerState  0x08008019     0x26  Code  Gb  tasks.o [1]
xTaskGetTickCount       0x08007ba1      0xa  Code  Gb  tasks.o [1]
xTaskGetTickCountFromISR
                        0x08007bab     0x16  Code  Gb  tasks.o [1]
xTaskIncrementTick      0x08007bc1    0x134  Code  Gb  tasks.o [1]
xTaskPriorityDisinherit
                        0x080080f1     0xba  Code  Gb  tasks.o [1]
xTaskRemoveFromEventList
                        0x08007d9b     0x84  Code  Gb  tasks.o [1]
xTaskResumeAll          0x08007aa3     0xfe  Code  Gb  tasks.o [1]
xTasksWaitingTermination
                        0x2001ec64     0x14  Data  Lc  tasks.o [1]
xTickCount              0x2001ed54      0x4  Data  Lc  tasks.o [1]
xYieldPending           0x2001ed64      0x4  Data  Lc  tasks.o [1]


[1] = X:\MailCloud\work\V&V\CODE\test207\EWARM\test207\Obj
[2] = command line
[3] = dl7M_tlf.a
[4] = rt7M_tl.a
[5] = shb_l.a

   70 530 bytes of readonly  code memory
    1 170 bytes of readonly  data memory
  126 442 bytes of readwrite data memory

Errors: none
Warnings: none
